../Core/Src/GebraBit_APDS9306.c:31:6:GB_APDS9306_Read_Reg_Data	32	static
../Core/Src/GebraBit_APDS9306.c:42:6:GB_APDS9306_Burst_Read	32	static
../Core/Src/GebraBit_APDS9306.c:54:6:GB_APDS9306_Read_Reg_Bits	24	static
../Core/Src/GebraBit_APDS9306.c:67:6:GB_APDS9306_Write_Command	32	static
../Core/Src/GebraBit_APDS9306.c:79:6:GB_APDS9306_Write_Reg_Data	32	static
../Core/Src/GebraBit_APDS9306.c:90:6:GB_APDS9306_Burst_Write	32	static
../Core/Src/GebraBit_APDS9306.c:102:6:GB_APDS9306_Write_Reg_Bits	32	static
../Core/Src/GebraBit_APDS9306.c:118:6:GB_APDS9306_Soft_Reset	16	static
../Core/Src/GebraBit_APDS9306.c:131:6:GB_APDS9306_ALS	16	static
../Core/Src/GebraBit_APDS9306.c:142:6:GB_APDS9306_ALS_Gain	16	static
../Core/Src/GebraBit_APDS9306.c:171:6:GB_APDS9306_Measurement_Repeat_Rate	16	static
../Core/Src/GebraBit_APDS9306.c:182:6:GB_APDS9306_ALS_Resolution	16	static
../Core/Src/GebraBit_APDS9306.c:213:6:GB_APDS9306_Read_Part_ID	16	static
../Core/Src/GebraBit_APDS9306.c:222:6:GB_APDS9306_Read_STATUS	24	static
../Core/Src/GebraBit_APDS9306.c:236:6:GB_APDS9306_Interrupt	16	static
../Core/Src/GebraBit_APDS9306.c:247:6:GB_APDS9306_Interrupt_Channel	16	static
../Core/Src/GebraBit_APDS9306.c:258:6:GB_APDS9306_Interrupt_Mode	16	static
../Core/Src/GebraBit_APDS9306.c:269:6:GB_APDS9306_Interrupt_Persist	16	static
../Core/Src/GebraBit_APDS9306.c:283:6:GB_APDS9306_Interrupt_Upper_Threshold	16	static
../Core/Src/GebraBit_APDS9306.c:296:6:GB_APDS9306_Interrupt_Lower_Threshold	16	static
../Core/Src/GebraBit_APDS9306.c:308:6:GB_APDS9306_initialize	16	static
../Core/Src/GebraBit_APDS9306.c:324:6:GB_APDS9306_Configuration	16	static
../Core/Src/GebraBit_APDS9306.c:336:6:GB_APDS9306_Get_Raw_Data	16	static
../Core/Src/GebraBit_APDS9306.c:351:6:GB_APDS9306_Luminosity_Reading	16	static
../Core/Src/GebraBit_APDS9306.c:360:6:GB_APDS9306_Get_Data	16	static
