11:24:14 **** Incremental Build of configuration Debug for project FW Wi-Fi Shield Rev1 ****
make -j4 all 
arm-none-eabi-gcc "../Core/Src/funciones.c" -mcpu=cortex-m4 -std=gnu11 -g3 -DDEBUG -DUSE_HAL_DRIVER -DSTM32L452xx -c -I../Core/Inc -I../Drivers/STM32L4xx_HAL_Driver/Inc -I../Drivers/STM32L4xx_HAL_Driver/Inc/Legacy -I../Drivers/CMSIS/Device/ST/STM32L4xx/Include -I../Drivers/CMSIS/Include -O0 -ffunction-sections -fdata-sections -Wall -fstack-usage -fcyclomatic-complexity -MMD -MP -MF"Core/Src/funciones.d" -MT"Core/Src/funciones.o" --specs=nano.specs -mfpu=fpv4-sp-d16 -mfloat-abi=hard -mthumb -o "Core/Src/funciones.o"
arm-none-eabi-gcc -o "FW Wi-Fi Shield Rev1.elf" @"objects.list"   -mcpu=cortex-m4 -T"D:\Docs\EAGLE\projects\git\ELO301-G8\Firmware\FW Wi-Fi Shield Rev1\STM32L452RETX_FLASH.ld" --specs=nosys.specs -Wl,-Map="FW Wi-Fi Shield Rev1.map" -Wl,--gc-sections -static --specs=nano.specs -mfpu=fpv4-sp-d16 -mfloat-abi=hard -mthumb -Wl,--start-group -lc -lm -Wl,--end-group
Finished building target: FW Wi-Fi Shield Rev1.elf
 
arm-none-eabi-size   FW\ Wi-Fi\ Shield\ Rev1.elf 
arm-none-eabi-objdump -h -S  FW\ Wi-Fi\ Shield\ Rev1.elf  > "FW Wi-Fi Shield Rev1.list"
   text	   data	    bss	    dec	    hex	filename
  28464	    104	   2944	  31512	   7b18	FW Wi-Fi Shield Rev1.elf
Finished building: default.size.stdout
 
Finished building: FW Wi-Fi Shield Rev1.list
 

11:24:16 Build Finished. 0 errors, 0 warnings. (took 2s.607ms)

