11:00:47 **** Incremental Build of configuration Debug for project FW Wi-Fi Shield Rev1 ****
make -j4 all 
arm-none-eabi-gcc "../Core/Src/main.c" -mcpu=cortex-m4 -std=gnu11 -g3 -DDEBUG -DUSE_HAL_DRIVER -DSTM32L452xx -c -I../Core/Inc -I../Drivers/STM32L4xx_HAL_Driver/Inc -I../Drivers/STM32L4xx_HAL_Driver/Inc/Legacy -I../Drivers/CMSIS/Device/ST/STM32L4xx/Include -I../Drivers/CMSIS/Include -O0 -ffunction-sections -fdata-sections -Wall -fstack-usage -fcyclomatic-complexity -MMD -MP -MF"Core/Src/main.d" -MT"Core/Src/main.o" --specs=nano.specs -mfpu=fpv4-sp-d16 -mfloat-abi=hard -mthumb -o "Core/Src/main.o"
../Core/Src/main.c: In function 'main':
../Core/Src/main.c:111:21: warning: passing argument 2 of 'memset' makes integer from pointer without a cast [-Wint-conversion]
  111 |         memset(text,"\0",10);
      |                     ^~~~
      |                     |
      |                     char *
In file included from ../Core/Inc/at_command.h:13,
                 from ../Core/Src/main.c:29:
D:\ST\STM32CubeIDE_1.13.2\STM32CubeIDE\plugins\com.st.stm32cube.ide.mcu.externaltools.gnu-tools-for-stm32.11.3.rel1.win32_1.1.1.202309131626\tools\bin/../lib/gcc/arm-none-eabi/11.3.1/../../../../arm-none-eabi/include/string.h:33:26: note: expected 'int' but argument is of type 'char *'
   33 | void *   memset (void *, int, size_t);
      |                          ^~~
../Core/Src/main.c:210:62: warning: passing argument 2 of 'HAL_UART_Transmit' makes pointer from integer without a cast [-Wint-conversion]
  210 |                                   HAL_UART_Transmit(&huart2, rx_buffer, sizeof(rx_buffer), TIMEOUT_100MS);
      |                                                              ^~~~~~~~~
      |                                                              |
      |                                                              uint8_t {aka unsigned char}
In file included from ../Core/Inc/stm32l4xx_hal_conf.h:450,
                 from ../Drivers/STM32L4xx_HAL_Driver/Inc/stm32l4xx_hal.h:29,
                 from ../Core/Inc/main.h:30,
                 from ../Core/Src/main.c:20:
../Drivers/STM32L4xx_HAL_Driver/Inc/stm32l4xx_hal_uart.h:1697:79: note: expected 'const uint8_t *' {aka 'const unsigned char *'} but argument is of type 'uint8_t' {aka 'unsigned char'}
 1697 | HAL_StatusTypeDef HAL_UART_Transmit(UART_HandleTypeDef *huart, const uint8_t *pData, uint16_t Size, uint32_t Timeout);
      |                                                                ~~~~~~~~~~~~~~~^~~~~
../Core/Src/main.c:223:62: warning: passing argument 2 of 'HAL_UART_Transmit' makes pointer from integer without a cast [-Wint-conversion]
  223 |                                   HAL_UART_Transmit(&huart2, rx_buffer, sizeof(rx_buffer), TIMEOUT_100MS);
      |                                                              ^~~~~~~~~
      |                                                              |
      |                                                              uint8_t {aka unsigned char}
In file included from ../Core/Inc/stm32l4xx_hal_conf.h:450,
                 from ../Drivers/STM32L4xx_HAL_Driver/Inc/stm32l4xx_hal.h:29,
                 from ../Core/Inc/main.h:30,
                 from ../Core/Src/main.c:20:
../Drivers/STM32L4xx_HAL_Driver/Inc/stm32l4xx_hal_uart.h:1697:79: note: expected 'const uint8_t *' {aka 'const unsigned char *'} but argument is of type 'uint8_t' {aka 'unsigned char'}
 1697 | HAL_StatusTypeDef HAL_UART_Transmit(UART_HandleTypeDef *huart, const uint8_t *pData, uint16_t Size, uint32_t Timeout);
      |                                                                ~~~~~~~~~~~~~~~^~~~~
../Core/Src/main.c:234:60: warning: passing argument 2 of 'HAL_UART_Transmit' makes pointer from integer without a cast [-Wint-conversion]
  234 |                                 HAL_UART_Transmit(&huart2, rx_buffer, sizeof(rx_buffer), TIMEOUT_100MS);
      |                                                            ^~~~~~~~~
      |                                                            |
      |                                                            uint8_t {aka unsigned char}
In file included from ../Core/Inc/stm32l4xx_hal_conf.h:450,
                 from ../Drivers/STM32L4xx_HAL_Driver/Inc/stm32l4xx_hal.h:29,
                 from ../Core/Inc/main.h:30,
                 from ../Core/Src/main.c:20:
../Drivers/STM32L4xx_HAL_Driver/Inc/stm32l4xx_hal_uart.h:1697:79: note: expected 'const uint8_t *' {aka 'const unsigned char *'} but argument is of type 'uint8_t' {aka 'unsigned char'}
 1697 | HAL_StatusTypeDef HAL_UART_Transmit(UART_HandleTypeDef *huart, const uint8_t *pData, uint16_t Size, uint32_t Timeout);
      |                                                                ~~~~~~~~~~~~~~~^~~~~
../Core/Src/main.c:310:31: warning: pointer targets in passing argument 1 of 'sprintf' differ in signedness [-Wpointer-sign]
  310 |                       sprintf(text,"%d",luminosidad_int);
      |                               ^~~~
      |                               |
      |                               uint8_t * {aka unsigned char *}
In file included from ../Core/Inc/main.h:34,
                 from ../Core/Src/main.c:20:
D:\ST\STM32CubeIDE_1.13.2\STM32CubeIDE\plugins\com.st.stm32cube.ide.mcu.externaltools.gnu-tools-for-stm32.11.3.rel1.win32_1.1.1.202309131626\tools\bin/../lib/gcc/arm-none-eabi/11.3.1/../../../../arm-none-eabi/include/stdio.h:254:18: note: expected 'char * restrict' but argument is of type 'uint8_t *' {aka 'unsigned char *'}
  254 | int     sprintf (char *__restrict, const char *__restrict, ...)
      |                  ^
../Core/Src/main.c:109:18: warning: unused variable 'time' [-Wunused-variable]
  109 |         uint32_t time;
      |                  ^~~~
arm-none-eabi-gcc -o "FW Wi-Fi Shield Rev1.elf" @"objects.list"   -mcpu=cortex-m4 -T"D:\Docs\EAGLE\projects\git\ELO301-G8\Firmware\FW Wi-Fi Shield Rev1\STM32L452RETX_FLASH.ld" --specs=nosys.specs -Wl,-Map="FW Wi-Fi Shield Rev1.map" -Wl,--gc-sections -static --specs=nano.specs -mfpu=fpv4-sp-d16 -mfloat-abi=hard -mthumb -Wl,--start-group -lc -lm -Wl,--end-group
Finished building target: FW Wi-Fi Shield Rev1.elf
 
arm-none-eabi-size   FW\ Wi-Fi\ Shield\ Rev1.elf 
arm-none-eabi-objdump -h -S  FW\ Wi-Fi\ Shield\ Rev1.elf  > "FW Wi-Fi Shield Rev1.list"
   text	   data	    bss	    dec	    hex	filename
  28464	    104	   2944	  31512	   7b18	FW Wi-Fi Shield Rev1.elf
Finished building: default.size.stdout
 
Finished building: FW Wi-Fi Shield Rev1.list
 
11:00:52 **** Incremental Build of configuration Debug for project FW Wi-Fi Shield Rev1 ****
make -j4 all 
arm-none-eabi-size   FW\ Wi-Fi\ Shield\ Rev1.elf 
   text	   data	    bss	    dec	    hex	filename
  28464	    104	   2944	  31512	   7b18	FW Wi-Fi Shield Rev1.elf
Finished building: default.size.stdout
 
11:01:15 **** Incremental Build of configuration Debug for project FW Wi-Fi Shield Rev1 ****
make -j4 all 
arm-none-eabi-size   FW\ Wi-Fi\ Shield\ Rev1.elf 
   text	   data	    bss	    dec	    hex	filename
  28464	    104	   2944	  31512	   7b18	FW Wi-Fi Shield Rev1.elf
Finished building: default.size.stdout
 
11:02:27 **** Incremental Build of configuration Debug for project FW Wi-Fi Shield Rev1 ****
make -j4 all 
arm-none-eabi-gcc "../Core/Src/main.c" -mcpu=cortex-m4 -std=gnu11 -g3 -DDEBUG -DUSE_HAL_DRIVER -DSTM32L452xx -c -I../Core/Inc -I../Drivers/STM32L4xx_HAL_Driver/Inc -I../Drivers/STM32L4xx_HAL_Driver/Inc/Legacy -I../Drivers/CMSIS/Device/ST/STM32L4xx/Include -I../Drivers/CMSIS/Include -O0 -ffunction-sections -fdata-sections -Wall -fstack-usage -fcyclomatic-complexity -MMD -MP -MF"Core/Src/main.d" -MT"Core/Src/main.o" --specs=nano.specs -mfpu=fpv4-sp-d16 -mfloat-abi=hard -mthumb -o "Core/Src/main.o"
../Core/Src/main.c: In function 'main':
../Core/Src/main.c:111:21: warning: passing argument 2 of 'memset' makes integer from pointer without a cast [-Wint-conversion]
  111 |         memset(text,"\0",10);
      |                     ^~~~
      |                     |
      |                     char *
In file included from ../Core/Inc/at_command.h:13,
                 from ../Core/Src/main.c:29:
D:\ST\STM32CubeIDE_1.13.2\STM32CubeIDE\plugins\com.st.stm32cube.ide.mcu.externaltools.gnu-tools-for-stm32.11.3.rel1.win32_1.1.1.202309131626\tools\bin/../lib/gcc/arm-none-eabi/11.3.1/../../../../arm-none-eabi/include/string.h:33:26: note: expected 'int' but argument is of type 'char *'
   33 | void *   memset (void *, int, size_t);
      |                          ^~~
../Core/Src/main.c:210:62: warning: passing argument 2 of 'HAL_UART_Transmit' makes pointer from integer without a cast [-Wint-conversion]
  210 |                                   HAL_UART_Transmit(&huart2, rx_buffer, sizeof(rx_buffer), TIMEOUT_100MS);
      |                                                              ^~~~~~~~~
      |                                                              |
      |                                                              uint8_t {aka unsigned char}
In file included from ../Core/Inc/stm32l4xx_hal_conf.h:450,
                 from ../Drivers/STM32L4xx_HAL_Driver/Inc/stm32l4xx_hal.h:29,
                 from ../Core/Inc/main.h:30,
                 from ../Core/Src/main.c:20:
../Drivers/STM32L4xx_HAL_Driver/Inc/stm32l4xx_hal_uart.h:1697:79: note: expected 'const uint8_t *' {aka 'const unsigned char *'} but argument is of type 'uint8_t' {aka 'unsigned char'}
 1697 | HAL_StatusTypeDef HAL_UART_Transmit(UART_HandleTypeDef *huart, const uint8_t *pData, uint16_t Size, uint32_t Timeout);
      |                                                                ~~~~~~~~~~~~~~~^~~~~
../Core/Src/main.c:223:62: warning: passing argument 2 of 'HAL_UART_Transmit' makes pointer from integer without a cast [-Wint-conversion]
  223 |                                   HAL_UART_Transmit(&huart2, rx_buffer, sizeof(rx_buffer), TIMEOUT_100MS);
      |                                                              ^~~~~~~~~
      |                                                              |
      |                                                              uint8_t {aka unsigned char}
In file included from ../Core/Inc/stm32l4xx_hal_conf.h:450,
                 from ../Drivers/STM32L4xx_HAL_Driver/Inc/stm32l4xx_hal.h:29,
                 from ../Core/Inc/main.h:30,
                 from ../Core/Src/main.c:20:
../Drivers/STM32L4xx_HAL_Driver/Inc/stm32l4xx_hal_uart.h:1697:79: note: expected 'const uint8_t *' {aka 'const unsigned char *'} but argument is of type 'uint8_t' {aka 'unsigned char'}
 1697 | HAL_StatusTypeDef HAL_UART_Transmit(UART_HandleTypeDef *huart, const uint8_t *pData, uint16_t Size, uint32_t Timeout);
      |                                                                ~~~~~~~~~~~~~~~^~~~~
../Core/Src/main.c:234:60: warning: passing argument 2 of 'HAL_UART_Transmit' makes pointer from integer without a cast [-Wint-conversion]
  234 |                                 HAL_UART_Transmit(&huart2, rx_buffer, sizeof(rx_buffer), TIMEOUT_100MS);
      |                                                            ^~~~~~~~~
      |                                                            |
      |                                                            uint8_t {aka unsigned char}
In file included from ../Core/Inc/stm32l4xx_hal_conf.h:450,
                 from ../Drivers/STM32L4xx_HAL_Driver/Inc/stm32l4xx_hal.h:29,
                 from ../Core/Inc/main.h:30,
                 from ../Core/Src/main.c:20:
../Drivers/STM32L4xx_HAL_Driver/Inc/stm32l4xx_hal_uart.h:1697:79: note: expected 'const uint8_t *' {aka 'const unsigned char *'} but argument is of type 'uint8_t' {aka 'unsigned char'}
 1697 | HAL_StatusTypeDef HAL_UART_Transmit(UART_HandleTypeDef *huart, const uint8_t *pData, uint16_t Size, uint32_t Timeout);
      |                                                                ~~~~~~~~~~~~~~~^~~~~
../Core/Src/main.c:310:31: warning: pointer targets in passing argument 1 of 'sprintf' differ in signedness [-Wpointer-sign]
  310 |                       sprintf(text,"%d",luminosidad_int);
      |                               ^~~~
      |                               |
      |                               uint8_t * {aka unsigned char *}
In file included from ../Core/Inc/main.h:34,
                 from ../Core/Src/main.c:20:
D:\ST\STM32CubeIDE_1.13.2\STM32CubeIDE\plugins\com.st.stm32cube.ide.mcu.externaltools.gnu-tools-for-stm32.11.3.rel1.win32_1.1.1.202309131626\tools\bin/../lib/gcc/arm-none-eabi/11.3.1/../../../../arm-none-eabi/include/stdio.h:254:18: note: expected 'char * restrict' but argument is of type 'uint8_t *' {aka 'unsigned char *'}
  254 | int     sprintf (char *__restrict, const char *__restrict, ...)
      |                  ^
../Core/Src/main.c:109:18: warning: unused variable 'time' [-Wunused-variable]
  109 |         uint32_t time;
      |                  ^~~~
arm-none-eabi-gcc -o "FW Wi-Fi Shield Rev1.elf" @"objects.list"   -mcpu=cortex-m4 -T"D:\Docs\EAGLE\projects\git\ELO301-G8\Firmware\FW Wi-Fi Shield Rev1\STM32L452RETX_FLASH.ld" --specs=nosys.specs -Wl,-Map="FW Wi-Fi Shield Rev1.map" -Wl,--gc-sections -static --specs=nano.specs -mfpu=fpv4-sp-d16 -mfloat-abi=hard -mthumb -Wl,--start-group -lc -lm -Wl,--end-group
Finished building target: FW Wi-Fi Shield Rev1.elf
 
arm-none-eabi-size   FW\ Wi-Fi\ Shield\ Rev1.elf 
arm-none-eabi-objdump -h -S  FW\ Wi-Fi\ Shield\ Rev1.elf  > "FW Wi-Fi Shield Rev1.list"
   text	   data	    bss	    dec	    hex	filename
  26756	    104	   2944	  29804	   746c	FW Wi-Fi Shield Rev1.elf
Finished building: default.size.stdout
 
Finished building: FW Wi-Fi Shield Rev1.list
 
11:03:27 **** Incremental Build of configuration Debug for project FW Wi-Fi Shield Rev1 ****
make -j4 all 
arm-none-eabi-gcc "../Core/Src/main.c" -mcpu=cortex-m4 -std=gnu11 -g3 -DDEBUG -DUSE_HAL_DRIVER -DSTM32L452xx -c -I../Core/Inc -I../Drivers/STM32L4xx_HAL_Driver/Inc -I../Drivers/STM32L4xx_HAL_Driver/Inc/Legacy -I../Drivers/CMSIS/Device/ST/STM32L4xx/Include -I../Drivers/CMSIS/Include -O0 -ffunction-sections -fdata-sections -Wall -fstack-usage -fcyclomatic-complexity -MMD -MP -MF"Core/Src/main.d" -MT"Core/Src/main.o" --specs=nano.specs -mfpu=fpv4-sp-d16 -mfloat-abi=hard -mthumb -o "Core/Src/main.o"
../Core/Src/main.c: In function 'main':
../Core/Src/main.c:111:21: warning: passing argument 2 of 'memset' makes integer from pointer without a cast [-Wint-conversion]
  111 |         memset(text,"\0",10);
      |                     ^~~~
      |                     |
      |                     char *
In file included from ../Core/Inc/at_command.h:13,
                 from ../Core/Src/main.c:29:
D:\ST\STM32CubeIDE_1.13.2\STM32CubeIDE\plugins\com.st.stm32cube.ide.mcu.externaltools.gnu-tools-for-stm32.11.3.rel1.win32_1.1.1.202309131626\tools\bin/../lib/gcc/arm-none-eabi/11.3.1/../../../../arm-none-eabi/include/string.h:33:26: note: expected 'int' but argument is of type 'char *'
   33 | void *   memset (void *, int, size_t);
      |                          ^~~
../Core/Src/main.c:223:62: warning: passing argument 2 of 'HAL_UART_Transmit' makes pointer from integer without a cast [-Wint-conversion]
  223 |                                   HAL_UART_Transmit(&huart2, rx_buffer, sizeof(rx_buffer), TIMEOUT_100MS);
      |                                                              ^~~~~~~~~
      |                                                              |
      |                                                              uint8_t {aka unsigned char}
In file included from ../Core/Inc/stm32l4xx_hal_conf.h:450,
                 from ../Drivers/STM32L4xx_HAL_Driver/Inc/stm32l4xx_hal.h:29,
                 from ../Core/Inc/main.h:30,
                 from ../Core/Src/main.c:20:
../Drivers/STM32L4xx_HAL_Driver/Inc/stm32l4xx_hal_uart.h:1697:79: note: expected 'const uint8_t *' {aka 'const unsigned char *'} but argument is of type 'uint8_t' {aka 'unsigned char'}
 1697 | HAL_StatusTypeDef HAL_UART_Transmit(UART_HandleTypeDef *huart, const uint8_t *pData, uint16_t Size, uint32_t Timeout);
      |                                                                ~~~~~~~~~~~~~~~^~~~~
../Core/Src/main.c:234:60: warning: passing argument 2 of 'HAL_UART_Transmit' makes pointer from integer without a cast [-Wint-conversion]
  234 |                                 HAL_UART_Transmit(&huart2, rx_buffer, sizeof(rx_buffer), TIMEOUT_100MS);
      |                                                            ^~~~~~~~~
      |                                                            |
      |                                                            uint8_t {aka unsigned char}
In file included from ../Core/Inc/stm32l4xx_hal_conf.h:450,
                 from ../Drivers/STM32L4xx_HAL_Driver/Inc/stm32l4xx_hal.h:29,
                 from ../Core/Inc/main.h:30,
                 from ../Core/Src/main.c:20:
../Drivers/STM32L4xx_HAL_Driver/Inc/stm32l4xx_hal_uart.h:1697:79: note: expected 'const uint8_t *' {aka 'const unsigned char *'} but argument is of type 'uint8_t' {aka 'unsigned char'}
 1697 | HAL_StatusTypeDef HAL_UART_Transmit(UART_HandleTypeDef *huart, const uint8_t *pData, uint16_t Size, uint32_t Timeout);
      |                                                                ~~~~~~~~~~~~~~~^~~~~
../Core/Src/main.c:310:31: warning: pointer targets in passing argument 1 of 'sprintf' differ in signedness [-Wpointer-sign]
  310 |                       sprintf(text,"%d",luminosidad_int);
      |                               ^~~~
      |                               |
      |                               uint8_t * {aka unsigned char *}
In file included from ../Core/Inc/main.h:34,
                 from ../Core/Src/main.c:20:
D:\ST\STM32CubeIDE_1.13.2\STM32CubeIDE\plugins\com.st.stm32cube.ide.mcu.externaltools.gnu-tools-for-stm32.11.3.rel1.win32_1.1.1.202309131626\tools\bin/../lib/gcc/arm-none-eabi/11.3.1/../../../../arm-none-eabi/include/stdio.h:254:18: note: expected 'char * restrict' but argument is of type 'uint8_t *' {aka 'unsigned char *'}
  254 | int     sprintf (char *__restrict, const char *__restrict, ...)
      |                  ^
../Core/Src/main.c:109:18: warning: unused variable 'time' [-Wunused-variable]
  109 |         uint32_t time;
      |                  ^~~~
arm-none-eabi-gcc -o "FW Wi-Fi Shield Rev1.elf" @"objects.list"   -mcpu=cortex-m4 -T"D:\Docs\EAGLE\projects\git\ELO301-G8\Firmware\FW Wi-Fi Shield Rev1\STM32L452RETX_FLASH.ld" --specs=nosys.specs -Wl,-Map="FW Wi-Fi Shield Rev1.map" -Wl,--gc-sections -static --specs=nano.specs -mfpu=fpv4-sp-d16 -mfloat-abi=hard -mthumb -Wl,--start-group -lc -lm -Wl,--end-group
Finished building target: FW Wi-Fi Shield Rev1.elf
 
arm-none-eabi-size   FW\ Wi-Fi\ Shield\ Rev1.elf 
arm-none-eabi-objdump -h -S  FW\ Wi-Fi\ Shield\ Rev1.elf  > "FW Wi-Fi Shield Rev1.list"
   text	   data	    bss	    dec	    hex	filename
  26740	    104	   2944	  29788	   745c	FW Wi-Fi Shield Rev1.elf
Finished building: default.size.stdout
 
Finished building: FW Wi-Fi Shield Rev1.list
 
11:05:41 **** Incremental Build of configuration Debug for project FW Wi-Fi Shield Rev1 ****
make -j4 all 
arm-none-eabi-gcc "../Core/Src/main.c" -mcpu=cortex-m4 -std=gnu11 -g3 -DDEBUG -DUSE_HAL_DRIVER -DSTM32L452xx -c -I../Core/Inc -I../Drivers/STM32L4xx_HAL_Driver/Inc -I../Drivers/STM32L4xx_HAL_Driver/Inc/Legacy -I../Drivers/CMSIS/Device/ST/STM32L4xx/Include -I../Drivers/CMSIS/Include -O0 -ffunction-sections -fdata-sections -Wall -fstack-usage -fcyclomatic-complexity -MMD -MP -MF"Core/Src/main.d" -MT"Core/Src/main.o" --specs=nano.specs -mfpu=fpv4-sp-d16 -mfloat-abi=hard -mthumb -o "Core/Src/main.o"
../Core/Src/main.c: In function 'main':
../Core/Src/main.c:111:21: warning: passing argument 2 of 'memset' makes integer from pointer without a cast [-Wint-conversion]
  111 |         memset(text,"\0",10);
      |                     ^~~~
      |                     |
      |                     char *
In file included from ../Core/Inc/at_command.h:13,
                 from ../Core/Src/main.c:29:
D:\ST\STM32CubeIDE_1.13.2\STM32CubeIDE\plugins\com.st.stm32cube.ide.mcu.externaltools.gnu-tools-for-stm32.11.3.rel1.win32_1.1.1.202309131626\tools\bin/../lib/gcc/arm-none-eabi/11.3.1/../../../../arm-none-eabi/include/string.h:33:26: note: expected 'int' but argument is of type 'char *'
   33 | void *   memset (void *, int, size_t);
      |                          ^~~
../Core/Src/main.c:223:62: warning: passing argument 2 of 'HAL_UART_Transmit' makes pointer from integer without a cast [-Wint-conversion]
  223 |                                   HAL_UART_Transmit(&huart2, rx_buffer, sizeof(rx_buffer), TIMEOUT_100MS);
      |                                                              ^~~~~~~~~
      |                                                              |
      |                                                              uint8_t {aka unsigned char}
In file included from ../Core/Inc/stm32l4xx_hal_conf.h:450,
                 from ../Drivers/STM32L4xx_HAL_Driver/Inc/stm32l4xx_hal.h:29,
                 from ../Core/Inc/main.h:30,
                 from ../Core/Src/main.c:20:
../Drivers/STM32L4xx_HAL_Driver/Inc/stm32l4xx_hal_uart.h:1697:79: note: expected 'const uint8_t *' {aka 'const unsigned char *'} but argument is of type 'uint8_t' {aka 'unsigned char'}
 1697 | HAL_StatusTypeDef HAL_UART_Transmit(UART_HandleTypeDef *huart, const uint8_t *pData, uint16_t Size, uint32_t Timeout);
      |                                                                ~~~~~~~~~~~~~~~^~~~~
../Core/Src/main.c:234:60: warning: passing argument 2 of 'HAL_UART_Transmit' makes pointer from integer without a cast [-Wint-conversion]
  234 |                                 HAL_UART_Transmit(&huart2, rx_buffer, sizeof(rx_buffer), TIMEOUT_100MS);
      |                                                            ^~~~~~~~~
      |                                                            |
      |                                                            uint8_t {aka unsigned char}
In file included from ../Core/Inc/stm32l4xx_hal_conf.h:450,
                 from ../Drivers/STM32L4xx_HAL_Driver/Inc/stm32l4xx_hal.h:29,
                 from ../Core/Inc/main.h:30,
                 from ../Core/Src/main.c:20:
../Drivers/STM32L4xx_HAL_Driver/Inc/stm32l4xx_hal_uart.h:1697:79: note: expected 'const uint8_t *' {aka 'const unsigned char *'} but argument is of type 'uint8_t' {aka 'unsigned char'}
 1697 | HAL_StatusTypeDef HAL_UART_Transmit(UART_HandleTypeDef *huart, const uint8_t *pData, uint16_t Size, uint32_t Timeout);
      |                                                                ~~~~~~~~~~~~~~~^~~~~
../Core/Src/main.c:310:31: warning: pointer targets in passing argument 1 of 'sprintf' differ in signedness [-Wpointer-sign]
  310 |                       sprintf(text,"%d",luminosidad_int);
      |                               ^~~~
      |                               |
      |                               uint8_t * {aka unsigned char *}
In file included from ../Core/Inc/main.h:34,
                 from ../Core/Src/main.c:20:
D:\ST\STM32CubeIDE_1.13.2\STM32CubeIDE\plugins\com.st.stm32cube.ide.mcu.externaltools.gnu-tools-for-stm32.11.3.rel1.win32_1.1.1.202309131626\tools\bin/../lib/gcc/arm-none-eabi/11.3.1/../../../../arm-none-eabi/include/stdio.h:254:18: note: expected 'char * restrict' but argument is of type 'uint8_t *' {aka 'unsigned char *'}
  254 | int     sprintf (char *__restrict, const char *__restrict, ...)
      |                  ^
../Core/Src/main.c:109:18: warning: unused variable 'time' [-Wunused-variable]
  109 |         uint32_t time;
      |                  ^~~~
arm-none-eabi-gcc -o "FW Wi-Fi Shield Rev1.elf" @"objects.list"   -mcpu=cortex-m4 -T"D:\Docs\EAGLE\projects\git\ELO301-G8\Firmware\FW Wi-Fi Shield Rev1\STM32L452RETX_FLASH.ld" --specs=nosys.specs -Wl,-Map="FW Wi-Fi Shield Rev1.map" -Wl,--gc-sections -static --specs=nano.specs -mfpu=fpv4-sp-d16 -mfloat-abi=hard -mthumb -Wl,--start-group -lc -lm -Wl,--end-group
Finished building target: FW Wi-Fi Shield Rev1.elf
 
arm-none-eabi-size   FW\ Wi-Fi\ Shield\ Rev1.elf 
arm-none-eabi-objdump -h -S  FW\ Wi-Fi\ Shield\ Rev1.elf  > "FW Wi-Fi Shield Rev1.list"
   text	   data	    bss	    dec	    hex	filename
  26676	    104	   2944	  29724	   741c	FW Wi-Fi Shield Rev1.elf
Finished building: default.size.stdout
 
Finished building: FW Wi-Fi Shield Rev1.list
 
11:08:00 **** Incremental Build of configuration Debug for project FW Wi-Fi Shield Rev1 ****
make -j4 all 
arm-none-eabi-gcc "../Core/Src/main.c" -mcpu=cortex-m4 -std=gnu11 -g3 -DDEBUG -DUSE_HAL_DRIVER -DSTM32L452xx -c -I../Core/Inc -I../Drivers/STM32L4xx_HAL_Driver/Inc -I../Drivers/STM32L4xx_HAL_Driver/Inc/Legacy -I../Drivers/CMSIS/Device/ST/STM32L4xx/Include -I../Drivers/CMSIS/Include -O0 -ffunction-sections -fdata-sections -Wall -fstack-usage -fcyclomatic-complexity -MMD -MP -MF"Core/Src/main.d" -MT"Core/Src/main.o" --specs=nano.specs -mfpu=fpv4-sp-d16 -mfloat-abi=hard -mthumb -o "Core/Src/main.o"
../Core/Src/main.c: In function 'main':
../Core/Src/main.c:111:21: warning: passing argument 2 of 'memset' makes integer from pointer without a cast [-Wint-conversion]
  111 |         memset(text,"\0",10);
      |                     ^~~~
      |                     |
      |                     char *
In file included from ../Core/Inc/at_command.h:13,
                 from ../Core/Src/main.c:29:
D:\ST\STM32CubeIDE_1.13.2\STM32CubeIDE\plugins\com.st.stm32cube.ide.mcu.externaltools.gnu-tools-for-stm32.11.3.rel1.win32_1.1.1.202309131626\tools\bin/../lib/gcc/arm-none-eabi/11.3.1/../../../../arm-none-eabi/include/string.h:33:26: note: expected 'int' but argument is of type 'char *'
   33 | void *   memset (void *, int, size_t);
      |                          ^~~
../Core/Src/main.c:223:62: warning: passing argument 2 of 'HAL_UART_Transmit' makes pointer from integer without a cast [-Wint-conversion]
  223 |                                   HAL_UART_Transmit(&huart2, rx_buffer, sizeof(rx_buffer), TIMEOUT_100MS);
      |                                                              ^~~~~~~~~
      |                                                              |
      |                                                              uint8_t {aka unsigned char}
In file included from ../Core/Inc/stm32l4xx_hal_conf.h:450,
                 from ../Drivers/STM32L4xx_HAL_Driver/Inc/stm32l4xx_hal.h:29,
                 from ../Core/Inc/main.h:30,
                 from ../Core/Src/main.c:20:
../Drivers/STM32L4xx_HAL_Driver/Inc/stm32l4xx_hal_uart.h:1697:79: note: expected 'const uint8_t *' {aka 'const unsigned char *'} but argument is of type 'uint8_t' {aka 'unsigned char'}
 1697 | HAL_StatusTypeDef HAL_UART_Transmit(UART_HandleTypeDef *huart, const uint8_t *pData, uint16_t Size, uint32_t Timeout);
      |                                                                ~~~~~~~~~~~~~~~^~~~~
../Core/Src/main.c:234:60: warning: passing argument 2 of 'HAL_UART_Transmit' makes pointer from integer without a cast [-Wint-conversion]
  234 |                                 HAL_UART_Transmit(&huart2, rx_buffer, sizeof(rx_buffer), TIMEOUT_100MS);
      |                                                            ^~~~~~~~~
      |                                                            |
      |                                                            uint8_t {aka unsigned char}
In file included from ../Core/Inc/stm32l4xx_hal_conf.h:450,
                 from ../Drivers/STM32L4xx_HAL_Driver/Inc/stm32l4xx_hal.h:29,
                 from ../Core/Inc/main.h:30,
                 from ../Core/Src/main.c:20:
../Drivers/STM32L4xx_HAL_Driver/Inc/stm32l4xx_hal_uart.h:1697:79: note: expected 'const uint8_t *' {aka 'const unsigned char *'} but argument is of type 'uint8_t' {aka 'unsigned char'}
 1697 | HAL_StatusTypeDef HAL_UART_Transmit(UART_HandleTypeDef *huart, const uint8_t *pData, uint16_t Size, uint32_t Timeout);
      |                                                                ~~~~~~~~~~~~~~~^~~~~
../Core/Src/main.c:310:31: warning: pointer targets in passing argument 1 of 'sprintf' differ in signedness [-Wpointer-sign]
  310 |                       sprintf(text,"%d",luminosidad_int);
      |                               ^~~~
      |                               |
      |                               uint8_t * {aka unsigned char *}
In file included from ../Core/Inc/main.h:34,
                 from ../Core/Src/main.c:20:
D:\ST\STM32CubeIDE_1.13.2\STM32CubeIDE\plugins\com.st.stm32cube.ide.mcu.externaltools.gnu-tools-for-stm32.11.3.rel1.win32_1.1.1.202309131626\tools\bin/../lib/gcc/arm-none-eabi/11.3.1/../../../../arm-none-eabi/include/stdio.h:254:18: note: expected 'char * restrict' but argument is of type 'uint8_t *' {aka 'unsigned char *'}
  254 | int     sprintf (char *__restrict, const char *__restrict, ...)
      |                  ^
../Core/Src/main.c:109:18: warning: unused variable 'time' [-Wunused-variable]
  109 |         uint32_t time;
      |                  ^~~~
arm-none-eabi-gcc -o "FW Wi-Fi Shield Rev1.elf" @"objects.list"   -mcpu=cortex-m4 -T"D:\Docs\EAGLE\projects\git\ELO301-G8\Firmware\FW Wi-Fi Shield Rev1\STM32L452RETX_FLASH.ld" --specs=nosys.specs -Wl,-Map="FW Wi-Fi Shield Rev1.map" -Wl,--gc-sections -static --specs=nano.specs -mfpu=fpv4-sp-d16 -mfloat-abi=hard -mthumb -Wl,--start-group -lc -lm -Wl,--end-group
Finished building target: FW Wi-Fi Shield Rev1.elf
 
arm-none-eabi-size   FW\ Wi-Fi\ Shield\ Rev1.elf 
arm-none-eabi-objdump -h -S  FW\ Wi-Fi\ Shield\ Rev1.elf  > "FW Wi-Fi Shield Rev1.list"
   text	   data	    bss	    dec	    hex	filename
  26740	    104	   2944	  29788	   745c	FW Wi-Fi Shield Rev1.elf
Finished building: default.size.stdout
 
Finished building: FW Wi-Fi Shield Rev1.list
 
11:08:23 **** Incremental Build of configuration Debug for project FW Wi-Fi Shield Rev1 ****
make -j4 all 
arm-none-eabi-size   FW\ Wi-Fi\ Shield\ Rev1.elf 
   text	   data	    bss	    dec	    hex	filename
  26740	    104	   2944	  29788	   745c	FW Wi-Fi Shield Rev1.elf
Finished building: default.size.stdout
 
11:10:02 **** Incremental Build of configuration Debug for project FW Wi-Fi Shield Rev1 ****
make -j4 all 
arm-none-eabi-gcc "../Core/Src/main.c" -mcpu=cortex-m4 -std=gnu11 -g3 -DDEBUG -DUSE_HAL_DRIVER -DSTM32L452xx -c -I../Core/Inc -I../Drivers/STM32L4xx_HAL_Driver/Inc -I../Drivers/STM32L4xx_HAL_Driver/Inc/Legacy -I../Drivers/CMSIS/Device/ST/STM32L4xx/Include -I../Drivers/CMSIS/Include -O0 -ffunction-sections -fdata-sections -Wall -fstack-usage -fcyclomatic-complexity -MMD -MP -MF"Core/Src/main.d" -MT"Core/Src/main.o" --specs=nano.specs -mfpu=fpv4-sp-d16 -mfloat-abi=hard -mthumb -o "Core/Src/main.o"
../Core/Src/main.c: In function 'main':
../Core/Src/main.c:111:21: warning: passing argument 2 of 'memset' makes integer from pointer without a cast [-Wint-conversion]
  111 |         memset(text,"\0",10);
      |                     ^~~~
      |                     |
      |                     char *
In file included from ../Core/Inc/at_command.h:13,
                 from ../Core/Src/main.c:29:
D:\ST\STM32CubeIDE_1.13.2\STM32CubeIDE\plugins\com.st.stm32cube.ide.mcu.externaltools.gnu-tools-for-stm32.11.3.rel1.win32_1.1.1.202309131626\tools\bin/../lib/gcc/arm-none-eabi/11.3.1/../../../../arm-none-eabi/include/string.h:33:26: note: expected 'int' but argument is of type 'char *'
   33 | void *   memset (void *, int, size_t);
      |                          ^~~
../Core/Src/main.c:223:62: warning: passing argument 2 of 'HAL_UART_Transmit' makes pointer from integer without a cast [-Wint-conversion]
  223 |                                   HAL_UART_Transmit(&huart2, rx_buffer, sizeof(rx_buffer), TIMEOUT_100MS);
      |                                                              ^~~~~~~~~
      |                                                              |
      |                                                              uint8_t {aka unsigned char}
In file included from ../Core/Inc/stm32l4xx_hal_conf.h:450,
                 from ../Drivers/STM32L4xx_HAL_Driver/Inc/stm32l4xx_hal.h:29,
                 from ../Core/Inc/main.h:30,
                 from ../Core/Src/main.c:20:
../Drivers/STM32L4xx_HAL_Driver/Inc/stm32l4xx_hal_uart.h:1697:79: note: expected 'const uint8_t *' {aka 'const unsigned char *'} but argument is of type 'uint8_t' {aka 'unsigned char'}
 1697 | HAL_StatusTypeDef HAL_UART_Transmit(UART_HandleTypeDef *huart, const uint8_t *pData, uint16_t Size, uint32_t Timeout);
      |                                                                ~~~~~~~~~~~~~~~^~~~~
../Core/Src/main.c:234:60: warning: passing argument 2 of 'HAL_UART_Transmit' makes pointer from integer without a cast [-Wint-conversion]
  234 |                                 HAL_UART_Transmit(&huart2, rx_buffer, sizeof(rx_buffer), TIMEOUT_100MS);
      |                                                            ^~~~~~~~~
      |                                                            |
      |                                                            uint8_t {aka unsigned char}
In file included from ../Core/Inc/stm32l4xx_hal_conf.h:450,
                 from ../Drivers/STM32L4xx_HAL_Driver/Inc/stm32l4xx_hal.h:29,
                 from ../Core/Inc/main.h:30,
                 from ../Core/Src/main.c:20:
../Drivers/STM32L4xx_HAL_Driver/Inc/stm32l4xx_hal_uart.h:1697:79: note: expected 'const uint8_t *' {aka 'const unsigned char *'} but argument is of type 'uint8_t' {aka 'unsigned char'}
 1697 | HAL_StatusTypeDef HAL_UART_Transmit(UART_HandleTypeDef *huart, const uint8_t *pData, uint16_t Size, uint32_t Timeout);
      |                                                                ~~~~~~~~~~~~~~~^~~~~
../Core/Src/main.c:310:31: warning: pointer targets in passing argument 1 of 'sprintf' differ in signedness [-Wpointer-sign]
  310 |                       sprintf(text,"%d",luminosidad_int);
      |                               ^~~~
      |                               |
      |                               uint8_t * {aka unsigned char *}
In file included from ../Core/Inc/main.h:34,
                 from ../Core/Src/main.c:20:
D:\ST\STM32CubeIDE_1.13.2\STM32CubeIDE\plugins\com.st.stm32cube.ide.mcu.externaltools.gnu-tools-for-stm32.11.3.rel1.win32_1.1.1.202309131626\tools\bin/../lib/gcc/arm-none-eabi/11.3.1/../../../../arm-none-eabi/include/stdio.h:254:18: note: expected 'char * restrict' but argument is of type 'uint8_t *' {aka 'unsigned char *'}
  254 | int     sprintf (char *__restrict, const char *__restrict, ...)
      |                  ^
../Core/Src/main.c:109:18: warning: unused variable 'time' [-Wunused-variable]
  109 |         uint32_t time;
      |                  ^~~~
arm-none-eabi-gcc -o "FW Wi-Fi Shield Rev1.elf" @"objects.list"   -mcpu=cortex-m4 -T"D:\Docs\EAGLE\projects\git\ELO301-G8\Firmware\FW Wi-Fi Shield Rev1\STM32L452RETX_FLASH.ld" --specs=nosys.specs -Wl,-Map="FW Wi-Fi Shield Rev1.map" -Wl,--gc-sections -static --specs=nano.specs -mfpu=fpv4-sp-d16 -mfloat-abi=hard -mthumb -Wl,--start-group -lc -lm -Wl,--end-group
Finished building target: FW Wi-Fi Shield Rev1.elf
 
arm-none-eabi-size   FW\ Wi-Fi\ Shield\ Rev1.elf 
arm-none-eabi-objdump -h -S  FW\ Wi-Fi\ Shield\ Rev1.elf  > "FW Wi-Fi Shield Rev1.list"
   text	   data	    bss	    dec	    hex	filename
  26740	    104	   2944	  29788	   745c	FW Wi-Fi Shield Rev1.elf
Finished building: default.size.stdout
 
Finished building: FW Wi-Fi Shield Rev1.list
 
11:12:10 **** Incremental Build of configuration Debug for project FW Wi-Fi Shield Rev1 ****
make -j4 all 
arm-none-eabi-gcc "../Core/Src/main.c" -mcpu=cortex-m4 -std=gnu11 -g3 -DDEBUG -DUSE_HAL_DRIVER -DSTM32L452xx -c -I../Core/Inc -I../Drivers/STM32L4xx_HAL_Driver/Inc -I../Drivers/STM32L4xx_HAL_Driver/Inc/Legacy -I../Drivers/CMSIS/Device/ST/STM32L4xx/Include -I../Drivers/CMSIS/Include -O0 -ffunction-sections -fdata-sections -Wall -fstack-usage -fcyclomatic-complexity -MMD -MP -MF"Core/Src/main.d" -MT"Core/Src/main.o" --specs=nano.specs -mfpu=fpv4-sp-d16 -mfloat-abi=hard -mthumb -o "Core/Src/main.o"
../Core/Src/main.c: In function 'main':
../Core/Src/main.c:107:21: warning: passing argument 2 of 'memset' makes integer from pointer without a cast [-Wint-conversion]
  107 |         memset(text,"\0",10);
      |                     ^~~~
      |                     |
      |                     char *
In file included from ../Core/Inc/at_command.h:13,
                 from ../Core/Src/main.c:29:
D:\ST\STM32CubeIDE_1.13.2\STM32CubeIDE\plugins\com.st.stm32cube.ide.mcu.externaltools.gnu-tools-for-stm32.11.3.rel1.win32_1.1.1.202309131626\tools\bin/../lib/gcc/arm-none-eabi/11.3.1/../../../../arm-none-eabi/include/string.h:33:26: note: expected 'int' but argument is of type 'char *'
   33 | void *   memset (void *, int, size_t);
      |                          ^~~
../Core/Src/main.c:206:62: warning: passing argument 2 of 'HAL_UART_Transmit' makes pointer from integer without a cast [-Wint-conversion]
  206 |                                   HAL_UART_Transmit(&huart2, rx_buffer, sizeof(rx_buffer), TIMEOUT_100MS);
      |                                                              ^~~~~~~~~
      |                                                              |
      |                                                              uint8_t {aka unsigned char}
In file included from ../Core/Inc/stm32l4xx_hal_conf.h:450,
                 from ../Drivers/STM32L4xx_HAL_Driver/Inc/stm32l4xx_hal.h:29,
                 from ../Core/Inc/main.h:30,
                 from ../Core/Src/main.c:20:
../Drivers/STM32L4xx_HAL_Driver/Inc/stm32l4xx_hal_uart.h:1697:79: note: expected 'const uint8_t *' {aka 'const unsigned char *'} but argument is of type 'uint8_t' {aka 'unsigned char'}
 1697 | HAL_StatusTypeDef HAL_UART_Transmit(UART_HandleTypeDef *huart, const uint8_t *pData, uint16_t Size, uint32_t Timeout);
      |                                                                ~~~~~~~~~~~~~~~^~~~~
../Core/Src/main.c:219:62: warning: passing argument 2 of 'HAL_UART_Transmit' makes pointer from integer without a cast [-Wint-conversion]
  219 |                                   HAL_UART_Transmit(&huart2, rx_buffer, sizeof(rx_buffer), TIMEOUT_100MS);
      |                                                              ^~~~~~~~~
      |                                                              |
      |                                                              uint8_t {aka unsigned char}
In file included from ../Core/Inc/stm32l4xx_hal_conf.h:450,
                 from ../Drivers/STM32L4xx_HAL_Driver/Inc/stm32l4xx_hal.h:29,
                 from ../Core/Inc/main.h:30,
                 from ../Core/Src/main.c:20:
../Drivers/STM32L4xx_HAL_Driver/Inc/stm32l4xx_hal_uart.h:1697:79: note: expected 'const uint8_t *' {aka 'const unsigned char *'} but argument is of type 'uint8_t' {aka 'unsigned char'}
 1697 | HAL_StatusTypeDef HAL_UART_Transmit(UART_HandleTypeDef *huart, const uint8_t *pData, uint16_t Size, uint32_t Timeout);
      |                                                                ~~~~~~~~~~~~~~~^~~~~
../Core/Src/main.c:230:60: warning: passing argument 2 of 'HAL_UART_Transmit' makes pointer from integer without a cast [-Wint-conversion]
  230 |                                 HAL_UART_Transmit(&huart2, rx_buffer, sizeof(rx_buffer), TIMEOUT_100MS);
      |                                                            ^~~~~~~~~
      |                                                            |
      |                                                            uint8_t {aka unsigned char}
In file included from ../Core/Inc/stm32l4xx_hal_conf.h:450,
                 from ../Drivers/STM32L4xx_HAL_Driver/Inc/stm32l4xx_hal.h:29,
                 from ../Core/Inc/main.h:30,
                 from ../Core/Src/main.c:20:
../Drivers/STM32L4xx_HAL_Driver/Inc/stm32l4xx_hal_uart.h:1697:79: note: expected 'const uint8_t *' {aka 'const unsigned char *'} but argument is of type 'uint8_t' {aka 'unsigned char'}
 1697 | HAL_StatusTypeDef HAL_UART_Transmit(UART_HandleTypeDef *huart, const uint8_t *pData, uint16_t Size, uint32_t Timeout);
      |                                                                ~~~~~~~~~~~~~~~^~~~~
../Core/Src/main.c:306:31: warning: pointer targets in passing argument 1 of 'sprintf' differ in signedness [-Wpointer-sign]
  306 |                       sprintf(text,"%d",luminosidad_int);
      |                               ^~~~
      |                               |
      |                               uint8_t * {aka unsigned char *}
In file included from ../Core/Inc/main.h:34,
                 from ../Core/Src/main.c:20:
D:\ST\STM32CubeIDE_1.13.2\STM32CubeIDE\plugins\com.st.stm32cube.ide.mcu.externaltools.gnu-tools-for-stm32.11.3.rel1.win32_1.1.1.202309131626\tools\bin/../lib/gcc/arm-none-eabi/11.3.1/../../../../arm-none-eabi/include/stdio.h:254:18: note: expected 'char * restrict' but argument is of type 'uint8_t *' {aka 'unsigned char *'}
  254 | int     sprintf (char *__restrict, const char *__restrict, ...)
      |                  ^
../Core/Src/main.c:105:18: warning: unused variable 'time' [-Wunused-variable]
  105 |         uint32_t time;
      |                  ^~~~
arm-none-eabi-gcc -o "FW Wi-Fi Shield Rev1.elf" @"objects.list"   -mcpu=cortex-m4 -T"D:\Docs\EAGLE\projects\git\ELO301-G8\Firmware\FW Wi-Fi Shield Rev1\STM32L452RETX_FLASH.ld" --specs=nosys.specs -Wl,-Map="FW Wi-Fi Shield Rev1.map" -Wl,--gc-sections -static --specs=nano.specs -mfpu=fpv4-sp-d16 -mfloat-abi=hard -mthumb -Wl,--start-group -lc -lm -Wl,--end-group
Finished building target: FW Wi-Fi Shield Rev1.elf
 
arm-none-eabi-size   FW\ Wi-Fi\ Shield\ Rev1.elf 
arm-none-eabi-objdump -h -S  FW\ Wi-Fi\ Shield\ Rev1.elf  > "FW Wi-Fi Shield Rev1.list"
   text	   data	    bss	    dec	    hex	filename
  28464	    104	   2944	  31512	   7b18	FW Wi-Fi Shield Rev1.elf
Finished building: default.size.stdout
 
Finished building: FW Wi-Fi Shield Rev1.list
 
11:24:14 **** Incremental Build of configuration Debug for project FW Wi-Fi Shield Rev1 ****
make -j4 all 
arm-none-eabi-gcc "../Core/Src/funciones.c" -mcpu=cortex-m4 -std=gnu11 -g3 -DDEBUG -DUSE_HAL_DRIVER -DSTM32L452xx -c -I../Core/Inc -I../Drivers/STM32L4xx_HAL_Driver/Inc -I../Drivers/STM32L4xx_HAL_Driver/Inc/Legacy -I../Drivers/CMSIS/Device/ST/STM32L4xx/Include -I../Drivers/CMSIS/Include -O0 -ffunction-sections -fdata-sections -Wall -fstack-usage -fcyclomatic-complexity -MMD -MP -MF"Core/Src/funciones.d" -MT"Core/Src/funciones.o" --specs=nano.specs -mfpu=fpv4-sp-d16 -mfloat-abi=hard -mthumb -o "Core/Src/funciones.o"
arm-none-eabi-gcc -o "FW Wi-Fi Shield Rev1.elf" @"objects.list"   -mcpu=cortex-m4 -T"D:\Docs\EAGLE\projects\git\ELO301-G8\Firmware\FW Wi-Fi Shield Rev1\STM32L452RETX_FLASH.ld" --specs=nosys.specs -Wl,-Map="FW Wi-Fi Shield Rev1.map" -Wl,--gc-sections -static --specs=nano.specs -mfpu=fpv4-sp-d16 -mfloat-abi=hard -mthumb -Wl,--start-group -lc -lm -Wl,--end-group
Finished building target: FW Wi-Fi Shield Rev1.elf
 
arm-none-eabi-size   FW\ Wi-Fi\ Shield\ Rev1.elf 
arm-none-eabi-objdump -h -S  FW\ Wi-Fi\ Shield\ Rev1.elf  > "FW Wi-Fi Shield Rev1.list"
   text	   data	    bss	    dec	    hex	filename
  28464	    104	   2944	  31512	   7b18	FW Wi-Fi Shield Rev1.elf
Finished building: default.size.stdout
 
Finished building: FW Wi-Fi Shield Rev1.list
 
