15:24:57 **** Build of configuration Debug for project FW Wi-Fi Shield Rev1 ****
make -j4 all 
arm-none-eabi-gcc "../Core/Src/interrupts.c" -mcpu=cortex-m4 -std=gnu11 -g3 -DDEBUG -DUSE_HAL_DRIVER -DSTM32L452xx -c -I../Core/Inc -I../Drivers/STM32L4xx_HAL_Driver/Inc -I../Drivers/STM32L4xx_HAL_Driver/Inc/Legacy -I../Drivers/CMSIS/Device/ST/STM32L4xx/Include -I../Drivers/CMSIS/Include -O0 -ffunction-sections -fdata-sections -Wall -fstack-usage -fcyclomatic-complexity -MMD -MP -MF"Core/Src/interrupts.d" -MT"Core/Src/interrupts.o" --specs=nano.specs -mfpu=fpv4-sp-d16 -mfloat-abi=hard -mthumb -o "Core/Src/interrupts.o"
arm-none-eabi-gcc "../Core/Src/main.c" -mcpu=cortex-m4 -std=gnu11 -g3 -DDEBUG -DUSE_HAL_DRIVER -DSTM32L452xx -c -I../Core/Inc -I../Drivers/STM32L4xx_HAL_Driver/Inc -I../Drivers/STM32L4xx_HAL_Driver/Inc/Legacy -I../Drivers/CMSIS/Device/ST/STM32L4xx/Include -I../Drivers/CMSIS/Include -O0 -ffunction-sections -fdata-sections -Wall -fstack-usage -fcyclomatic-complexity -MMD -MP -MF"Core/Src/main.d" -MT"Core/Src/main.o" --specs=nano.specs -mfpu=fpv4-sp-d16 -mfloat-abi=hard -mthumb -o "Core/Src/main.o"
../Core/Src/interrupts.c: In function 'HAL_UART_RxCpltCallback':
../Core/Src/interrupts.c:47:21: warning: pointer targets in passing argument 1 of 'strstr' differ in signedness [-Wpointer-sign]
   47 |          if (strstr(rx_buffer,"WIFI DISCONNECT")!=NULL){
      |                     ^~~~~~~~~
      |                     |
      |                     uint8_t * {aka unsigned char *}
In file included from ../Core/Src/interrupts.c:13:
D:\ST\STM32CubeIDE_1.13.2\STM32CubeIDE\plugins\com.st.stm32cube.ide.mcu.externaltools.gnu-tools-for-stm32.11.3.rel1.win32_1.1.1.202309131626\tools\bin/../lib/gcc/arm-none-eabi/11.3.1/../../../../arm-none-eabi/include/string.h:48:18: note: expected 'const char *' but argument is of type 'uint8_t *' {aka 'unsigned char *'}
   48 | char    *strstr (const char *, const char *);
      |                  ^~~~~~~~~~~~
../Core/Src/interrupts.c:56:36: warning: pointer targets in passing argument 1 of 'strstr' differ in signedness [-Wpointer-sign]
   56 |                         if (strstr(rx_buffer,"ready")!=NULL){
      |                                    ^~~~~~~~~
      |                                    |
      |                                    uint8_t * {aka unsigned char *}
In file included from ../Core/Src/interrupts.c:13:
D:\ST\STM32CubeIDE_1.13.2\STM32CubeIDE\plugins\com.st.stm32cube.ide.mcu.externaltools.gnu-tools-for-stm32.11.3.rel1.win32_1.1.1.202309131626\tools\bin/../lib/gcc/arm-none-eabi/11.3.1/../../../../arm-none-eabi/include/string.h:48:18: note: expected 'const char *' but argument is of type 'uint8_t *' {aka 'unsigned char *'}
   48 | char    *strstr (const char *, const char *);
      |                  ^~~~~~~~~~~~
../Core/Src/interrupts.c:62:36: warning: pointer targets in passing argument 1 of 'strstr' differ in signedness [-Wpointer-sign]
   62 |                         if (strstr(rx_buffer,"OK")!=NULL){
      |                                    ^~~~~~~~~
      |                                    |
      |                                    uint8_t * {aka unsigned char *}
In file included from ../Core/Src/interrupts.c:13:
D:\ST\STM32CubeIDE_1.13.2\STM32CubeIDE\plugins\com.st.stm32cube.ide.mcu.externaltools.gnu-tools-for-stm32.11.3.rel1.win32_1.1.1.202309131626\tools\bin/../lib/gcc/arm-none-eabi/11.3.1/../../../../arm-none-eabi/include/string.h:48:18: note: expected 'const char *' but argument is of type 'uint8_t *' {aka 'unsigned char *'}
   48 | char    *strstr (const char *, const char *);
      |                  ^~~~~~~~~~~~
../Core/Src/interrupts.c:72:36: warning: pointer targets in passing argument 1 of 'strstr' differ in signedness [-Wpointer-sign]
   72 |                         if (strstr(rx_buffer,"OK")!=NULL){
      |                                    ^~~~~~~~~
      |                                    |
      |                                    uint8_t * {aka unsigned char *}
In file included from ../Core/Src/interrupts.c:13:
D:\ST\STM32CubeIDE_1.13.2\STM32CubeIDE\plugins\com.st.stm32cube.ide.mcu.externaltools.gnu-tools-for-stm32.11.3.rel1.win32_1.1.1.202309131626\tools\bin/../lib/gcc/arm-none-eabi/11.3.1/../../../../arm-none-eabi/include/string.h:48:18: note: expected 'const char *' but argument is of type 'uint8_t *' {aka 'unsigned char *'}
   48 | char    *strstr (const char *, const char *);
      |                  ^~~~~~~~~~~~
../Core/Src/interrupts.c:83:36: warning: pointer targets in passing argument 1 of 'strstr' differ in signedness [-Wpointer-sign]
   83 |                         if (strstr(rx_buffer,"OK")!=NULL){
      |                                    ^~~~~~~~~
      |                                    |
      |                                    uint8_t * {aka unsigned char *}
In file included from ../Core/Src/interrupts.c:13:
D:\ST\STM32CubeIDE_1.13.2\STM32CubeIDE\plugins\com.st.stm32cube.ide.mcu.externaltools.gnu-tools-for-stm32.11.3.rel1.win32_1.1.1.202309131626\tools\bin/../lib/gcc/arm-none-eabi/11.3.1/../../../../arm-none-eabi/include/string.h:48:18: note: expected 'const char *' but argument is of type 'uint8_t *' {aka 'unsigned char *'}
   48 | char    *strstr (const char *, const char *);
      |                  ^~~~~~~~~~~~
../Core/Src/interrupts.c:95:36: warning: pointer targets in passing argument 1 of 'strstr' differ in signedness [-Wpointer-sign]
   95 |                         if (strstr(rx_buffer,"OK")!=NULL){
      |                                    ^~~~~~~~~
      |                                    |
      |                                    uint8_t * {aka unsigned char *}
In file included from ../Core/Src/interrupts.c:13:
D:\ST\STM32CubeIDE_1.13.2\STM32CubeIDE\plugins\com.st.stm32cube.ide.mcu.externaltools.gnu-tools-for-stm32.11.3.rel1.win32_1.1.1.202309131626\tools\bin/../lib/gcc/arm-none-eabi/11.3.1/../../../../arm-none-eabi/include/string.h:48:18: note: expected 'const char *' but argument is of type 'uint8_t *' {aka 'unsigned char *'}
   48 | char    *strstr (const char *, const char *);
      |                  ^~~~~~~~~~~~
../Core/Src/interrupts.c:101:41: warning: pointer targets in passing argument 1 of 'strstr' differ in signedness [-Wpointer-sign]
  101 |                         else if (strstr(rx_buffer,"ERROR")!=NULL){
      |                                         ^~~~~~~~~
      |                                         |
      |                                         uint8_t * {aka unsigned char *}
In file included from ../Core/Src/interrupts.c:13:
D:\ST\STM32CubeIDE_1.13.2\STM32CubeIDE\plugins\com.st.stm32cube.ide.mcu.externaltools.gnu-tools-for-stm32.11.3.rel1.win32_1.1.1.202309131626\tools\bin/../lib/gcc/arm-none-eabi/11.3.1/../../../../arm-none-eabi/include/string.h:48:18: note: expected 'const char *' but argument is of type 'uint8_t *' {aka 'unsigned char *'}
   48 | char    *strstr (const char *, const char *);
      |                  ^~~~~~~~~~~~
../Core/Src/interrupts.c:124:36: warning: pointer targets in passing argument 1 of 'strstr' differ in signedness [-Wpointer-sign]
  124 |                         if (strstr(rx_buffer,"OK")!=NULL){
      |                                    ^~~~~~~~~
      |                                    |
      |                                    uint8_t * {aka unsigned char *}
In file included from ../Core/Src/interrupts.c:13:
D:\ST\STM32CubeIDE_1.13.2\STM32CubeIDE\plugins\com.st.stm32cube.ide.mcu.externaltools.gnu-tools-for-stm32.11.3.rel1.win32_1.1.1.202309131626\tools\bin/../lib/gcc/arm-none-eabi/11.3.1/../../../../arm-none-eabi/include/string.h:48:18: note: expected 'const char *' but argument is of type 'uint8_t *' {aka 'unsigned char *'}
   48 | char    *strstr (const char *, const char *);
      |                  ^~~~~~~~~~~~
../Core/Src/interrupts.c:130:41: warning: pointer targets in passing argument 1 of 'strstr' differ in signedness [-Wpointer-sign]
  130 |                         else if (strstr(rx_buffer,"ERROR")!=NULL){
      |                                         ^~~~~~~~~
      |                                         |
      |                                         uint8_t * {aka unsigned char *}
In file included from ../Core/Src/interrupts.c:13:
D:\ST\STM32CubeIDE_1.13.2\STM32CubeIDE\plugins\com.st.stm32cube.ide.mcu.externaltools.gnu-tools-for-stm32.11.3.rel1.win32_1.1.1.202309131626\tools\bin/../lib/gcc/arm-none-eabi/11.3.1/../../../../arm-none-eabi/include/string.h:48:18: note: expected 'const char *' but argument is of type 'uint8_t *' {aka 'unsigned char *'}
   48 | char    *strstr (const char *, const char *);
      |                  ^~~~~~~~~~~~
../Core/Src/main.c: In function 'main':
../Core/Src/main.c:98:21: warning: passing argument 2 of 'memset' makes integer from pointer without a cast [-Wint-conversion]
   98 |         memset(text,"\0",10);
      |                     ^~~~
      |                     |
      |                     char *
In file included from ../Core/Inc/at_command.h:13,
                 from ../Core/Src/main.c:29:
D:\ST\STM32CubeIDE_1.13.2\STM32CubeIDE\plugins\com.st.stm32cube.ide.mcu.externaltools.gnu-tools-for-stm32.11.3.rel1.win32_1.1.1.202309131626\tools\bin/../lib/gcc/arm-none-eabi/11.3.1/../../../../arm-none-eabi/include/string.h:33:26: note: expected 'int' but argument is of type 'char *'
   33 | void *   memset (void *, int, size_t);
      |                          ^~~
../Core/Src/main.c:181:65: warning: pointer targets in passing argument 2 of 'HAL_UART_Transmit_IT' differ in signedness [-Wpointer-sign]
  181 |                                   HAL_UART_Transmit_IT(&huart1, "AT+CWQAP\r\n", 10);
      |                                                                 ^~~~~~~~~~~~~~
      |                                                                 |
      |                                                                 char *
In file included from ../Core/Inc/stm32l4xx_hal_conf.h:450,
                 from ../Drivers/STM32L4xx_HAL_Driver/Inc/stm32l4xx_hal.h:29,
                 from ../Core/Inc/main.h:30,
                 from ../Core/Src/main.c:20:
../Drivers/STM32L4xx_HAL_Driver/Inc/stm32l4xx_hal_uart.h:1699:82: note: expected 'const uint8_t *' {aka 'const unsigned char *'} but argument is of type 'char *'
 1699 | HAL_StatusTypeDef HAL_UART_Transmit_IT(UART_HandleTypeDef *huart, const uint8_t *pData, uint16_t Size);
      |                                                                   ~~~~~~~~~~~~~~~^~~~~
../Core/Src/main.c:192:62: warning: passing argument 2 of 'HAL_UART_Transmit' makes pointer from integer without a cast [-Wint-conversion]
  192 |                                   HAL_UART_Transmit(&huart2, rx_buffer, sizeof(rx_buffer), TIMEOUT_100MS);
      |                                                              ^~~~~~~~~
      |                                                              |
      |                                                              uint8_t {aka unsigned char}
In file included from ../Core/Inc/stm32l4xx_hal_conf.h:450,
                 from ../Drivers/STM32L4xx_HAL_Driver/Inc/stm32l4xx_hal.h:29,
                 from ../Core/Inc/main.h:30,
                 from ../Core/Src/main.c:20:
../Drivers/STM32L4xx_HAL_Driver/Inc/stm32l4xx_hal_uart.h:1697:79: note: expected 'const uint8_t *' {aka 'const unsigned char *'} but argument is of type 'uint8_t' {aka 'unsigned char'}
 1697 | HAL_StatusTypeDef HAL_UART_Transmit(UART_HandleTypeDef *huart, const uint8_t *pData, uint16_t Size, uint32_t Timeout);
      |                                                                ~~~~~~~~~~~~~~~^~~~~
../Core/Src/main.c:203:60: warning: passing argument 2 of 'HAL_UART_Transmit' makes pointer from integer without a cast [-Wint-conversion]
  203 |                                 HAL_UART_Transmit(&huart2, rx_buffer, sizeof(rx_buffer), TIMEOUT_100MS);
      |                                                            ^~~~~~~~~
      |                                                            |
      |                                                            uint8_t {aka unsigned char}
In file included from ../Core/Inc/stm32l4xx_hal_conf.h:450,
                 from ../Drivers/STM32L4xx_HAL_Driver/Inc/stm32l4xx_hal.h:29,
                 from ../Core/Inc/main.h:30,
                 from ../Core/Src/main.c:20:
../Drivers/STM32L4xx_HAL_Driver/Inc/stm32l4xx_hal_uart.h:1697:79: note: expected 'const uint8_t *' {aka 'const unsigned char *'} but argument is of type 'uint8_t' {aka 'unsigned char'}
 1697 | HAL_StatusTypeDef HAL_UART_Transmit(UART_HandleTypeDef *huart, const uint8_t *pData, uint16_t Size, uint32_t Timeout);
      |                                                                ~~~~~~~~~~~~~~~^~~~~
../Core/Src/main.c:267:39: warning: passing argument 2 of 'memset' makes integer from pointer without a cast [-Wint-conversion]
  267 |                           memset(text,"\0",10);
      |                                       ^~~~
      |                                       |
      |                                       char *
In file included from ../Core/Inc/at_command.h:13,
                 from ../Core/Src/main.c:29:
D:\ST\STM32CubeIDE_1.13.2\STM32CubeIDE\plugins\com.st.stm32cube.ide.mcu.externaltools.gnu-tools-for-stm32.11.3.rel1.win32_1.1.1.202309131626\tools\bin/../lib/gcc/arm-none-eabi/11.3.1/../../../../arm-none-eabi/include/string.h:33:26: note: expected 'int' but argument is of type 'char *'
   33 | void *   memset (void *, int, size_t);
      |                          ^~~
../Core/Src/main.c:268:35: warning: pointer targets in passing argument 1 of 'sprintf' differ in signedness [-Wpointer-sign]
  268 |                           sprintf(text,"%d",time);
      |                                   ^~~~
      |                                   |
      |                                   uint8_t * {aka unsigned char *}
In file included from ../Core/Inc/main.h:34,
                 from ../Core/Src/main.c:20:
D:\ST\STM32CubeIDE_1.13.2\STM32CubeIDE\plugins\com.st.stm32cube.ide.mcu.externaltools.gnu-tools-for-stm32.11.3.rel1.win32_1.1.1.202309131626\tools\bin/../lib/gcc/arm-none-eabi/11.3.1/../../../../arm-none-eabi/include/stdio.h:254:18: note: expected 'char * restrict' but argument is of type 'uint8_t *' {aka 'unsigned char *'}
  254 | int     sprintf (char *__restrict, const char *__restrict, ...)
      |                  ^
../Core/Src/main.c:268:42: warning: format '%d' expects argument of type 'int', but argument 3 has type 'uint32_t' {aka 'long unsigned int'} [-Wformat=]
  268 |                           sprintf(text,"%d",time);
      |                                         ~^  ~~~~
      |                                          |  |
      |                                          |  uint32_t {aka long unsigned int}
      |                                          int
      |                                         %ld
arm-none-eabi-gcc -o "FW Wi-Fi Shield Rev1.elf" @"objects.list"   -mcpu=cortex-m4 -T"D:\Docs\EAGLE\projects\git\ELO301-G8\Firmware\FW Wi-Fi Shield Rev1\STM32L452RETX_FLASH.ld" --specs=nosys.specs -Wl,-Map="FW Wi-Fi Shield Rev1.map" -Wl,--gc-sections -static --specs=nano.specs -mfpu=fpv4-sp-d16 -mfloat-abi=hard -mthumb -Wl,--start-group -lc -lm -Wl,--end-group
Finished building target: FW Wi-Fi Shield Rev1.elf
 
arm-none-eabi-size   FW\ Wi-Fi\ Shield\ Rev1.elf 
arm-none-eabi-objdump -h -S  FW\ Wi-Fi\ Shield\ Rev1.elf  > "FW Wi-Fi Shield Rev1.list"
   text	   data	    bss	    dec	    hex	filename
  27360	    104	   2936	  30400	   76c0	FW Wi-Fi Shield Rev1.elf
Finished building: default.size.stdout
 
Finished building: FW Wi-Fi Shield Rev1.list
 
15:30:40 **** Incremental Build of configuration Debug for project FW Wi-Fi Shield Rev1 ****
make -j4 all 
arm-none-eabi-size   FW\ Wi-Fi\ Shield\ Rev1.elf 
   text	   data	    bss	    dec	    hex	filename
  27360	    104	   2936	  30400	   76c0	FW Wi-Fi Shield Rev1.elf
Finished building: default.size.stdout
 
15:32:12 **** Incremental Build of configuration Debug for project FW Wi-Fi Shield Rev1 ****
make -j4 all 
arm-none-eabi-size   FW\ Wi-Fi\ Shield\ Rev1.elf 
   text	   data	    bss	    dec	    hex	filename
  27360	    104	   2936	  30400	   76c0	FW Wi-Fi Shield Rev1.elf
Finished building: default.size.stdout
 
16:10:17 **** Incremental Build of configuration Debug for project FW Wi-Fi Shield Rev1 ****
make -j4 all 
arm-none-eabi-gcc "../Core/Src/main.c" -mcpu=cortex-m4 -std=gnu11 -g3 -DDEBUG -DUSE_HAL_DRIVER -DSTM32L452xx -c -I../Core/Inc -I../Drivers/STM32L4xx_HAL_Driver/Inc -I../Drivers/STM32L4xx_HAL_Driver/Inc/Legacy -I../Drivers/CMSIS/Device/ST/STM32L4xx/Include -I../Drivers/CMSIS/Include -O0 -ffunction-sections -fdata-sections -Wall -fstack-usage -fcyclomatic-complexity -MMD -MP -MF"Core/Src/main.d" -MT"Core/Src/main.o" --specs=nano.specs -mfpu=fpv4-sp-d16 -mfloat-abi=hard -mthumb -o "Core/Src/main.o"
../Core/Src/main.c: In function 'main':
../Core/Src/main.c:98:21: warning: passing argument 2 of 'memset' makes integer from pointer without a cast [-Wint-conversion]
   98 |         memset(text,"\0",10);
      |                     ^~~~
      |                     |
      |                     char *
In file included from ../Core/Inc/at_command.h:13,
                 from ../Core/Src/main.c:29:
D:\ST\STM32CubeIDE_1.13.2\STM32CubeIDE\plugins\com.st.stm32cube.ide.mcu.externaltools.gnu-tools-for-stm32.11.3.rel1.win32_1.1.1.202309131626\tools\bin/../lib/gcc/arm-none-eabi/11.3.1/../../../../arm-none-eabi/include/string.h:33:26: note: expected 'int' but argument is of type 'char *'
   33 | void *   memset (void *, int, size_t);
      |                          ^~~
../Core/Src/main.c:181:65: warning: pointer targets in passing argument 2 of 'HAL_UART_Transmit_IT' differ in signedness [-Wpointer-sign]
  181 |                                   HAL_UART_Transmit_IT(&huart1, "AT+CWQAP\r\n", 10);
      |                                                                 ^~~~~~~~~~~~~~
      |                                                                 |
      |                                                                 char *
In file included from ../Core/Inc/stm32l4xx_hal_conf.h:450,
                 from ../Drivers/STM32L4xx_HAL_Driver/Inc/stm32l4xx_hal.h:29,
                 from ../Core/Inc/main.h:30,
                 from ../Core/Src/main.c:20:
../Drivers/STM32L4xx_HAL_Driver/Inc/stm32l4xx_hal_uart.h:1699:82: note: expected 'const uint8_t *' {aka 'const unsigned char *'} but argument is of type 'char *'
 1699 | HAL_StatusTypeDef HAL_UART_Transmit_IT(UART_HandleTypeDef *huart, const uint8_t *pData, uint16_t Size);
      |                                                                   ~~~~~~~~~~~~~~~^~~~~
../Core/Src/main.c:192:62: warning: passing argument 2 of 'HAL_UART_Transmit' makes pointer from integer without a cast [-Wint-conversion]
  192 |                                   HAL_UART_Transmit(&huart2, rx_buffer, sizeof(rx_buffer), TIMEOUT_100MS);
      |                                                              ^~~~~~~~~
      |                                                              |
      |                                                              uint8_t {aka unsigned char}
In file included from ../Core/Inc/stm32l4xx_hal_conf.h:450,
                 from ../Drivers/STM32L4xx_HAL_Driver/Inc/stm32l4xx_hal.h:29,
                 from ../Core/Inc/main.h:30,
                 from ../Core/Src/main.c:20:
../Drivers/STM32L4xx_HAL_Driver/Inc/stm32l4xx_hal_uart.h:1697:79: note: expected 'const uint8_t *' {aka 'const unsigned char *'} but argument is of type 'uint8_t' {aka 'unsigned char'}
 1697 | HAL_StatusTypeDef HAL_UART_Transmit(UART_HandleTypeDef *huart, const uint8_t *pData, uint16_t Size, uint32_t Timeout);
      |                                                                ~~~~~~~~~~~~~~~^~~~~
../Core/Src/main.c:203:60: warning: passing argument 2 of 'HAL_UART_Transmit' makes pointer from integer without a cast [-Wint-conversion]
  203 |                                 HAL_UART_Transmit(&huart2, rx_buffer, sizeof(rx_buffer), TIMEOUT_100MS);
      |                                                            ^~~~~~~~~
      |                                                            |
      |                                                            uint8_t {aka unsigned char}
In file included from ../Core/Inc/stm32l4xx_hal_conf.h:450,
                 from ../Drivers/STM32L4xx_HAL_Driver/Inc/stm32l4xx_hal.h:29,
                 from ../Core/Inc/main.h:30,
                 from ../Core/Src/main.c:20:
../Drivers/STM32L4xx_HAL_Driver/Inc/stm32l4xx_hal_uart.h:1697:79: note: expected 'const uint8_t *' {aka 'const unsigned char *'} but argument is of type 'uint8_t' {aka 'unsigned char'}
 1697 | HAL_StatusTypeDef HAL_UART_Transmit(UART_HandleTypeDef *huart, const uint8_t *pData, uint16_t Size, uint32_t Timeout);
      |                                                                ~~~~~~~~~~~~~~~^~~~~
../Core/Src/main.c:267:39: warning: passing argument 2 of 'memset' makes integer from pointer without a cast [-Wint-conversion]
  267 |                           memset(text,"\0",10);
      |                                       ^~~~
      |                                       |
      |                                       char *
In file included from ../Core/Inc/at_command.h:13,
                 from ../Core/Src/main.c:29:
D:\ST\STM32CubeIDE_1.13.2\STM32CubeIDE\plugins\com.st.stm32cube.ide.mcu.externaltools.gnu-tools-for-stm32.11.3.rel1.win32_1.1.1.202309131626\tools\bin/../lib/gcc/arm-none-eabi/11.3.1/../../../../arm-none-eabi/include/string.h:33:26: note: expected 'int' but argument is of type 'char *'
   33 | void *   memset (void *, int, size_t);
      |                          ^~~
../Core/Src/main.c:268:35: warning: pointer targets in passing argument 1 of 'sprintf' differ in signedness [-Wpointer-sign]
  268 |                           sprintf(text,"%d",time);
      |                                   ^~~~
      |                                   |
      |                                   uint8_t * {aka unsigned char *}
In file included from ../Core/Inc/main.h:34,
                 from ../Core/Src/main.c:20:
D:\ST\STM32CubeIDE_1.13.2\STM32CubeIDE\plugins\com.st.stm32cube.ide.mcu.externaltools.gnu-tools-for-stm32.11.3.rel1.win32_1.1.1.202309131626\tools\bin/../lib/gcc/arm-none-eabi/11.3.1/../../../../arm-none-eabi/include/stdio.h:254:18: note: expected 'char * restrict' but argument is of type 'uint8_t *' {aka 'unsigned char *'}
  254 | int     sprintf (char *__restrict, const char *__restrict, ...)
      |                  ^
../Core/Src/main.c:268:42: warning: format '%d' expects argument of type 'int', but argument 3 has type 'uint32_t' {aka 'long unsigned int'} [-Wformat=]
  268 |                           sprintf(text,"%d",time);
      |                                         ~^  ~~~~
      |                                          |  |
      |                                          |  uint32_t {aka long unsigned int}
      |                                          int
      |                                         %ld
arm-none-eabi-gcc -o "FW Wi-Fi Shield Rev1.elf" @"objects.list"   -mcpu=cortex-m4 -T"D:\Docs\EAGLE\projects\git\ELO301-G8\Firmware\FW Wi-Fi Shield Rev1\STM32L452RETX_FLASH.ld" --specs=nosys.specs -Wl,-Map="FW Wi-Fi Shield Rev1.map" -Wl,--gc-sections -static --specs=nano.specs -mfpu=fpv4-sp-d16 -mfloat-abi=hard -mthumb -Wl,--start-group -lc -lm -Wl,--end-group
Finished building target: FW Wi-Fi Shield Rev1.elf
 
arm-none-eabi-size   FW\ Wi-Fi\ Shield\ Rev1.elf 
arm-none-eabi-objdump -h -S  FW\ Wi-Fi\ Shield\ Rev1.elf  > "FW Wi-Fi Shield Rev1.list"
   text	   data	    bss	    dec	    hex	filename
  27364	    104	   2936	  30404	   76c4	FW Wi-Fi Shield Rev1.elf
Finished building: default.size.stdout
 
Finished building: FW Wi-Fi Shield Rev1.list
 
16:12:36 **** Incremental Build of configuration Debug for project FW Wi-Fi Shield Rev1 ****
make -j4 all 
arm-none-eabi-gcc "../Core/Src/main.c" -mcpu=cortex-m4 -std=gnu11 -g3 -DDEBUG -DUSE_HAL_DRIVER -DSTM32L452xx -c -I../Core/Inc -I../Drivers/STM32L4xx_HAL_Driver/Inc -I../Drivers/STM32L4xx_HAL_Driver/Inc/Legacy -I../Drivers/CMSIS/Device/ST/STM32L4xx/Include -I../Drivers/CMSIS/Include -O0 -ffunction-sections -fdata-sections -Wall -fstack-usage -fcyclomatic-complexity -MMD -MP -MF"Core/Src/main.d" -MT"Core/Src/main.o" --specs=nano.specs -mfpu=fpv4-sp-d16 -mfloat-abi=hard -mthumb -o "Core/Src/main.o"
../Core/Src/main.c: In function 'main':
../Core/Src/main.c:98:21: warning: passing argument 2 of 'memset' makes integer from pointer without a cast [-Wint-conversion]
   98 |         memset(text,"\0",10);
      |                     ^~~~
      |                     |
      |                     char *
In file included from ../Core/Inc/at_command.h:13,
                 from ../Core/Src/main.c:29:
D:\ST\STM32CubeIDE_1.13.2\STM32CubeIDE\plugins\com.st.stm32cube.ide.mcu.externaltools.gnu-tools-for-stm32.11.3.rel1.win32_1.1.1.202309131626\tools\bin/../lib/gcc/arm-none-eabi/11.3.1/../../../../arm-none-eabi/include/string.h:33:26: note: expected 'int' but argument is of type 'char *'
   33 | void *   memset (void *, int, size_t);
      |                          ^~~
../Core/Src/main.c:181:65: warning: pointer targets in passing argument 2 of 'HAL_UART_Transmit_IT' differ in signedness [-Wpointer-sign]
  181 |                                   HAL_UART_Transmit_IT(&huart1, "AT+CWQAP\r\n", 10);
      |                                                                 ^~~~~~~~~~~~~~
      |                                                                 |
      |                                                                 char *
In file included from ../Core/Inc/stm32l4xx_hal_conf.h:450,
                 from ../Drivers/STM32L4xx_HAL_Driver/Inc/stm32l4xx_hal.h:29,
                 from ../Core/Inc/main.h:30,
                 from ../Core/Src/main.c:20:
../Drivers/STM32L4xx_HAL_Driver/Inc/stm32l4xx_hal_uart.h:1699:82: note: expected 'const uint8_t *' {aka 'const unsigned char *'} but argument is of type 'char *'
 1699 | HAL_StatusTypeDef HAL_UART_Transmit_IT(UART_HandleTypeDef *huart, const uint8_t *pData, uint16_t Size);
      |                                                                   ~~~~~~~~~~~~~~~^~~~~
../Core/Src/main.c:192:62: warning: passing argument 2 of 'HAL_UART_Transmit' makes pointer from integer without a cast [-Wint-conversion]
  192 |                                   HAL_UART_Transmit(&huart2, rx_buffer, sizeof(rx_buffer), TIMEOUT_100MS);
      |                                                              ^~~~~~~~~
      |                                                              |
      |                                                              uint8_t {aka unsigned char}
In file included from ../Core/Inc/stm32l4xx_hal_conf.h:450,
                 from ../Drivers/STM32L4xx_HAL_Driver/Inc/stm32l4xx_hal.h:29,
                 from ../Core/Inc/main.h:30,
                 from ../Core/Src/main.c:20:
../Drivers/STM32L4xx_HAL_Driver/Inc/stm32l4xx_hal_uart.h:1697:79: note: expected 'const uint8_t *' {aka 'const unsigned char *'} but argument is of type 'uint8_t' {aka 'unsigned char'}
 1697 | HAL_StatusTypeDef HAL_UART_Transmit(UART_HandleTypeDef *huart, const uint8_t *pData, uint16_t Size, uint32_t Timeout);
      |                                                                ~~~~~~~~~~~~~~~^~~~~
../Core/Src/main.c:203:60: warning: passing argument 2 of 'HAL_UART_Transmit' makes pointer from integer without a cast [-Wint-conversion]
  203 |                                 HAL_UART_Transmit(&huart2, rx_buffer, sizeof(rx_buffer), TIMEOUT_100MS);
      |                                                            ^~~~~~~~~
      |                                                            |
      |                                                            uint8_t {aka unsigned char}
In file included from ../Core/Inc/stm32l4xx_hal_conf.h:450,
                 from ../Drivers/STM32L4xx_HAL_Driver/Inc/stm32l4xx_hal.h:29,
                 from ../Core/Inc/main.h:30,
                 from ../Core/Src/main.c:20:
../Drivers/STM32L4xx_HAL_Driver/Inc/stm32l4xx_hal_uart.h:1697:79: note: expected 'const uint8_t *' {aka 'const unsigned char *'} but argument is of type 'uint8_t' {aka 'unsigned char'}
 1697 | HAL_StatusTypeDef HAL_UART_Transmit(UART_HandleTypeDef *huart, const uint8_t *pData, uint16_t Size, uint32_t Timeout);
      |                                                                ~~~~~~~~~~~~~~~^~~~~
../Core/Src/main.c:267:39: warning: passing argument 2 of 'memset' makes integer from pointer without a cast [-Wint-conversion]
  267 |                           memset(text,"\0",10);
      |                                       ^~~~
      |                                       |
      |                                       char *
In file included from ../Core/Inc/at_command.h:13,
                 from ../Core/Src/main.c:29:
D:\ST\STM32CubeIDE_1.13.2\STM32CubeIDE\plugins\com.st.stm32cube.ide.mcu.externaltools.gnu-tools-for-stm32.11.3.rel1.win32_1.1.1.202309131626\tools\bin/../lib/gcc/arm-none-eabi/11.3.1/../../../../arm-none-eabi/include/string.h:33:26: note: expected 'int' but argument is of type 'char *'
   33 | void *   memset (void *, int, size_t);
      |                          ^~~
../Core/Src/main.c:268:35: warning: pointer targets in passing argument 1 of 'sprintf' differ in signedness [-Wpointer-sign]
  268 |                           sprintf(text,"%d",time);
      |                                   ^~~~
      |                                   |
      |                                   uint8_t * {aka unsigned char *}
In file included from ../Core/Inc/main.h:34,
                 from ../Core/Src/main.c:20:
D:\ST\STM32CubeIDE_1.13.2\STM32CubeIDE\plugins\com.st.stm32cube.ide.mcu.externaltools.gnu-tools-for-stm32.11.3.rel1.win32_1.1.1.202309131626\tools\bin/../lib/gcc/arm-none-eabi/11.3.1/../../../../arm-none-eabi/include/stdio.h:254:18: note: expected 'char * restrict' but argument is of type 'uint8_t *' {aka 'unsigned char *'}
  254 | int     sprintf (char *__restrict, const char *__restrict, ...)
      |                  ^
../Core/Src/main.c:268:42: warning: format '%d' expects argument of type 'int', but argument 3 has type 'uint32_t' {aka 'long unsigned int'} [-Wformat=]
  268 |                           sprintf(text,"%d",time);
      |                                         ~^  ~~~~
      |                                          |  |
      |                                          |  uint32_t {aka long unsigned int}
      |                                          int
      |                                         %ld
arm-none-eabi-gcc -o "FW Wi-Fi Shield Rev1.elf" @"objects.list"   -mcpu=cortex-m4 -T"D:\Docs\EAGLE\projects\git\ELO301-G8\Firmware\FW Wi-Fi Shield Rev1\STM32L452RETX_FLASH.ld" --specs=nosys.specs -Wl,-Map="FW Wi-Fi Shield Rev1.map" -Wl,--gc-sections -static --specs=nano.specs -mfpu=fpv4-sp-d16 -mfloat-abi=hard -mthumb -Wl,--start-group -lc -lm -Wl,--end-group
Finished building target: FW Wi-Fi Shield Rev1.elf
 
arm-none-eabi-size   FW\ Wi-Fi\ Shield\ Rev1.elf 
arm-none-eabi-objdump -h -S  FW\ Wi-Fi\ Shield\ Rev1.elf  > "FW Wi-Fi Shield Rev1.list"
   text	   data	    bss	    dec	    hex	filename
  27360	    104	   2936	  30400	   76c0	FW Wi-Fi Shield Rev1.elf
Finished building: default.size.stdout
 
Finished building: FW Wi-Fi Shield Rev1.list
 
16:12:46 **** Incremental Build of configuration Debug for project FW Wi-Fi Shield Rev1 ****
make -j4 all 
arm-none-eabi-gcc "../Core/Src/main.c" -mcpu=cortex-m4 -std=gnu11 -g3 -DDEBUG -DUSE_HAL_DRIVER -DSTM32L452xx -c -I../Core/Inc -I../Drivers/STM32L4xx_HAL_Driver/Inc -I../Drivers/STM32L4xx_HAL_Driver/Inc/Legacy -I../Drivers/CMSIS/Device/ST/STM32L4xx/Include -I../Drivers/CMSIS/Include -O0 -ffunction-sections -fdata-sections -Wall -fstack-usage -fcyclomatic-complexity -MMD -MP -MF"Core/Src/main.d" -MT"Core/Src/main.o" --specs=nano.specs -mfpu=fpv4-sp-d16 -mfloat-abi=hard -mthumb -o "Core/Src/main.o"
../Core/Src/main.c: In function 'main':
../Core/Src/main.c:98:21: warning: passing argument 2 of 'memset' makes integer from pointer without a cast [-Wint-conversion]
   98 |         memset(text,"\0",10);
      |                     ^~~~
      |                     |
      |                     char *
In file included from ../Core/Inc/at_command.h:13,
                 from ../Core/Src/main.c:29:
D:\ST\STM32CubeIDE_1.13.2\STM32CubeIDE\plugins\com.st.stm32cube.ide.mcu.externaltools.gnu-tools-for-stm32.11.3.rel1.win32_1.1.1.202309131626\tools\bin/../lib/gcc/arm-none-eabi/11.3.1/../../../../arm-none-eabi/include/string.h:33:26: note: expected 'int' but argument is of type 'char *'
   33 | void *   memset (void *, int, size_t);
      |                          ^~~
../Core/Src/main.c:181:65: warning: pointer targets in passing argument 2 of 'HAL_UART_Transmit_IT' differ in signedness [-Wpointer-sign]
  181 |                                   HAL_UART_Transmit_IT(&huart1, "AT+CWQAP\r\n", 10);
      |                                                                 ^~~~~~~~~~~~~~
      |                                                                 |
      |                                                                 char *
In file included from ../Core/Inc/stm32l4xx_hal_conf.h:450,
                 from ../Drivers/STM32L4xx_HAL_Driver/Inc/stm32l4xx_hal.h:29,
                 from ../Core/Inc/main.h:30,
                 from ../Core/Src/main.c:20:
../Drivers/STM32L4xx_HAL_Driver/Inc/stm32l4xx_hal_uart.h:1699:82: note: expected 'const uint8_t *' {aka 'const unsigned char *'} but argument is of type 'char *'
 1699 | HAL_StatusTypeDef HAL_UART_Transmit_IT(UART_HandleTypeDef *huart, const uint8_t *pData, uint16_t Size);
      |                                                                   ~~~~~~~~~~~~~~~^~~~~
../Core/Src/main.c:192:62: warning: passing argument 2 of 'HAL_UART_Transmit' makes pointer from integer without a cast [-Wint-conversion]
  192 |                                   HAL_UART_Transmit(&huart2, rx_buffer, sizeof(rx_buffer), TIMEOUT_100MS);
      |                                                              ^~~~~~~~~
      |                                                              |
      |                                                              uint8_t {aka unsigned char}
In file included from ../Core/Inc/stm32l4xx_hal_conf.h:450,
                 from ../Drivers/STM32L4xx_HAL_Driver/Inc/stm32l4xx_hal.h:29,
                 from ../Core/Inc/main.h:30,
                 from ../Core/Src/main.c:20:
../Drivers/STM32L4xx_HAL_Driver/Inc/stm32l4xx_hal_uart.h:1697:79: note: expected 'const uint8_t *' {aka 'const unsigned char *'} but argument is of type 'uint8_t' {aka 'unsigned char'}
 1697 | HAL_StatusTypeDef HAL_UART_Transmit(UART_HandleTypeDef *huart, const uint8_t *pData, uint16_t Size, uint32_t Timeout);
      |                                                                ~~~~~~~~~~~~~~~^~~~~
../Core/Src/main.c:203:60: warning: passing argument 2 of 'HAL_UART_Transmit' makes pointer from integer without a cast [-Wint-conversion]
  203 |                                 HAL_UART_Transmit(&huart2, rx_buffer, sizeof(rx_buffer), TIMEOUT_100MS);
      |                                                            ^~~~~~~~~
      |                                                            |
      |                                                            uint8_t {aka unsigned char}
In file included from ../Core/Inc/stm32l4xx_hal_conf.h:450,
                 from ../Drivers/STM32L4xx_HAL_Driver/Inc/stm32l4xx_hal.h:29,
                 from ../Core/Inc/main.h:30,
                 from ../Core/Src/main.c:20:
../Drivers/STM32L4xx_HAL_Driver/Inc/stm32l4xx_hal_uart.h:1697:79: note: expected 'const uint8_t *' {aka 'const unsigned char *'} but argument is of type 'uint8_t' {aka 'unsigned char'}
 1697 | HAL_StatusTypeDef HAL_UART_Transmit(UART_HandleTypeDef *huart, const uint8_t *pData, uint16_t Size, uint32_t Timeout);
      |                                                                ~~~~~~~~~~~~~~~^~~~~
../Core/Src/main.c:267:39: warning: passing argument 2 of 'memset' makes integer from pointer without a cast [-Wint-conversion]
  267 |                           memset(text,"\0",10);
      |                                       ^~~~
      |                                       |
      |                                       char *
In file included from ../Core/Inc/at_command.h:13,
                 from ../Core/Src/main.c:29:
D:\ST\STM32CubeIDE_1.13.2\STM32CubeIDE\plugins\com.st.stm32cube.ide.mcu.externaltools.gnu-tools-for-stm32.11.3.rel1.win32_1.1.1.202309131626\tools\bin/../lib/gcc/arm-none-eabi/11.3.1/../../../../arm-none-eabi/include/string.h:33:26: note: expected 'int' but argument is of type 'char *'
   33 | void *   memset (void *, int, size_t);
      |                          ^~~
../Core/Src/main.c:268:35: warning: pointer targets in passing argument 1 of 'sprintf' differ in signedness [-Wpointer-sign]
  268 |                           sprintf(text,"%d",time);
      |                                   ^~~~
      |                                   |
      |                                   uint8_t * {aka unsigned char *}
In file included from ../Core/Inc/main.h:34,
                 from ../Core/Src/main.c:20:
D:\ST\STM32CubeIDE_1.13.2\STM32CubeIDE\plugins\com.st.stm32cube.ide.mcu.externaltools.gnu-tools-for-stm32.11.3.rel1.win32_1.1.1.202309131626\tools\bin/../lib/gcc/arm-none-eabi/11.3.1/../../../../arm-none-eabi/include/stdio.h:254:18: note: expected 'char * restrict' but argument is of type 'uint8_t *' {aka 'unsigned char *'}
  254 | int     sprintf (char *__restrict, const char *__restrict, ...)
      |                  ^
../Core/Src/main.c:268:42: warning: format '%d' expects argument of type 'int', but argument 3 has type 'uint32_t' {aka 'long unsigned int'} [-Wformat=]
  268 |                           sprintf(text,"%d",time);
      |                                         ~^  ~~~~
      |                                          |  |
      |                                          |  uint32_t {aka long unsigned int}
      |                                          int
      |                                         %ld
arm-none-eabi-gcc -o "FW Wi-Fi Shield Rev1.elf" @"objects.list"   -mcpu=cortex-m4 -T"D:\Docs\EAGLE\projects\git\ELO301-G8\Firmware\FW Wi-Fi Shield Rev1\STM32L452RETX_FLASH.ld" --specs=nosys.specs -Wl,-Map="FW Wi-Fi Shield Rev1.map" -Wl,--gc-sections -static --specs=nano.specs -mfpu=fpv4-sp-d16 -mfloat-abi=hard -mthumb -Wl,--start-group -lc -lm -Wl,--end-group
Finished building target: FW Wi-Fi Shield Rev1.elf
 
arm-none-eabi-size   FW\ Wi-Fi\ Shield\ Rev1.elf 
arm-none-eabi-objdump -h -S  FW\ Wi-Fi\ Shield\ Rev1.elf  > "FW Wi-Fi Shield Rev1.list"
   text	   data	    bss	    dec	    hex	filename
  27360	    104	   2936	  30400	   76c0	FW Wi-Fi Shield Rev1.elf
Finished building: default.size.stdout
 
Finished building: FW Wi-Fi Shield Rev1.list
 
16:13:18 **** Incremental Build of configuration Debug for project FW Wi-Fi Shield Rev1 ****
make -j4 all 
arm-none-eabi-gcc "../Core/Src/main.c" -mcpu=cortex-m4 -std=gnu11 -g3 -DDEBUG -DUSE_HAL_DRIVER -DSTM32L452xx -c -I../Core/Inc -I../Drivers/STM32L4xx_HAL_Driver/Inc -I../Drivers/STM32L4xx_HAL_Driver/Inc/Legacy -I../Drivers/CMSIS/Device/ST/STM32L4xx/Include -I../Drivers/CMSIS/Include -O0 -ffunction-sections -fdata-sections -Wall -fstack-usage -fcyclomatic-complexity -MMD -MP -MF"Core/Src/main.d" -MT"Core/Src/main.o" --specs=nano.specs -mfpu=fpv4-sp-d16 -mfloat-abi=hard -mthumb -o "Core/Src/main.o"
../Core/Src/main.c: In function 'main':
../Core/Src/main.c:98:21: warning: passing argument 2 of 'memset' makes integer from pointer without a cast [-Wint-conversion]
   98 |         memset(text,"\0",10);
      |                     ^~~~
      |                     |
      |                     char *
In file included from ../Core/Inc/at_command.h:13,
                 from ../Core/Src/main.c:29:
D:\ST\STM32CubeIDE_1.13.2\STM32CubeIDE\plugins\com.st.stm32cube.ide.mcu.externaltools.gnu-tools-for-stm32.11.3.rel1.win32_1.1.1.202309131626\tools\bin/../lib/gcc/arm-none-eabi/11.3.1/../../../../arm-none-eabi/include/string.h:33:26: note: expected 'int' but argument is of type 'char *'
   33 | void *   memset (void *, int, size_t);
      |                          ^~~
../Core/Src/main.c:181:65: warning: pointer targets in passing argument 2 of 'HAL_UART_Transmit_IT' differ in signedness [-Wpointer-sign]
  181 |                                   HAL_UART_Transmit_IT(&huart1, "AT+CWQAP\r\n", 10);
      |                                                                 ^~~~~~~~~~~~~~
      |                                                                 |
      |                                                                 char *
In file included from ../Core/Inc/stm32l4xx_hal_conf.h:450,
                 from ../Drivers/STM32L4xx_HAL_Driver/Inc/stm32l4xx_hal.h:29,
                 from ../Core/Inc/main.h:30,
                 from ../Core/Src/main.c:20:
../Drivers/STM32L4xx_HAL_Driver/Inc/stm32l4xx_hal_uart.h:1699:82: note: expected 'const uint8_t *' {aka 'const unsigned char *'} but argument is of type 'char *'
 1699 | HAL_StatusTypeDef HAL_UART_Transmit_IT(UART_HandleTypeDef *huart, const uint8_t *pData, uint16_t Size);
      |                                                                   ~~~~~~~~~~~~~~~^~~~~
../Core/Src/main.c:192:62: warning: passing argument 2 of 'HAL_UART_Transmit' makes pointer from integer without a cast [-Wint-conversion]
  192 |                                   HAL_UART_Transmit(&huart2, rx_buffer, sizeof(rx_buffer), TIMEOUT_100MS);
      |                                                              ^~~~~~~~~
      |                                                              |
      |                                                              uint8_t {aka unsigned char}
In file included from ../Core/Inc/stm32l4xx_hal_conf.h:450,
                 from ../Drivers/STM32L4xx_HAL_Driver/Inc/stm32l4xx_hal.h:29,
                 from ../Core/Inc/main.h:30,
                 from ../Core/Src/main.c:20:
../Drivers/STM32L4xx_HAL_Driver/Inc/stm32l4xx_hal_uart.h:1697:79: note: expected 'const uint8_t *' {aka 'const unsigned char *'} but argument is of type 'uint8_t' {aka 'unsigned char'}
 1697 | HAL_StatusTypeDef HAL_UART_Transmit(UART_HandleTypeDef *huart, const uint8_t *pData, uint16_t Size, uint32_t Timeout);
      |                                                                ~~~~~~~~~~~~~~~^~~~~
../Core/Src/main.c:203:60: warning: passing argument 2 of 'HAL_UART_Transmit' makes pointer from integer without a cast [-Wint-conversion]
  203 |                                 HAL_UART_Transmit(&huart2, rx_buffer, sizeof(rx_buffer), TIMEOUT_100MS);
      |                                                            ^~~~~~~~~
      |                                                            |
      |                                                            uint8_t {aka unsigned char}
In file included from ../Core/Inc/stm32l4xx_hal_conf.h:450,
                 from ../Drivers/STM32L4xx_HAL_Driver/Inc/stm32l4xx_hal.h:29,
                 from ../Core/Inc/main.h:30,
                 from ../Core/Src/main.c:20:
../Drivers/STM32L4xx_HAL_Driver/Inc/stm32l4xx_hal_uart.h:1697:79: note: expected 'const uint8_t *' {aka 'const unsigned char *'} but argument is of type 'uint8_t' {aka 'unsigned char'}
 1697 | HAL_StatusTypeDef HAL_UART_Transmit(UART_HandleTypeDef *huart, const uint8_t *pData, uint16_t Size, uint32_t Timeout);
      |                                                                ~~~~~~~~~~~~~~~^~~~~
../Core/Src/main.c:267:39: warning: passing argument 2 of 'memset' makes integer from pointer without a cast [-Wint-conversion]
  267 |                           memset(text,"\0",10);
      |                                       ^~~~
      |                                       |
      |                                       char *
In file included from ../Core/Inc/at_command.h:13,
                 from ../Core/Src/main.c:29:
D:\ST\STM32CubeIDE_1.13.2\STM32CubeIDE\plugins\com.st.stm32cube.ide.mcu.externaltools.gnu-tools-for-stm32.11.3.rel1.win32_1.1.1.202309131626\tools\bin/../lib/gcc/arm-none-eabi/11.3.1/../../../../arm-none-eabi/include/string.h:33:26: note: expected 'int' but argument is of type 'char *'
   33 | void *   memset (void *, int, size_t);
      |                          ^~~
../Core/Src/main.c:268:35: warning: pointer targets in passing argument 1 of 'sprintf' differ in signedness [-Wpointer-sign]
  268 |                           sprintf(text,"%d",time);
      |                                   ^~~~
      |                                   |
      |                                   uint8_t * {aka unsigned char *}
In file included from ../Core/Inc/main.h:34,
                 from ../Core/Src/main.c:20:
D:\ST\STM32CubeIDE_1.13.2\STM32CubeIDE\plugins\com.st.stm32cube.ide.mcu.externaltools.gnu-tools-for-stm32.11.3.rel1.win32_1.1.1.202309131626\tools\bin/../lib/gcc/arm-none-eabi/11.3.1/../../../../arm-none-eabi/include/stdio.h:254:18: note: expected 'char * restrict' but argument is of type 'uint8_t *' {aka 'unsigned char *'}
  254 | int     sprintf (char *__restrict, const char *__restrict, ...)
      |                  ^
../Core/Src/main.c:268:42: warning: format '%d' expects argument of type 'int', but argument 3 has type 'uint32_t' {aka 'long unsigned int'} [-Wformat=]
  268 |                           sprintf(text,"%d",time);
      |                                         ~^  ~~~~
      |                                          |  |
      |                                          |  uint32_t {aka long unsigned int}
      |                                          int
      |                                         %ld
arm-none-eabi-gcc -o "FW Wi-Fi Shield Rev1.elf" @"objects.list"   -mcpu=cortex-m4 -T"D:\Docs\EAGLE\projects\git\ELO301-G8\Firmware\FW Wi-Fi Shield Rev1\STM32L452RETX_FLASH.ld" --specs=nosys.specs -Wl,-Map="FW Wi-Fi Shield Rev1.map" -Wl,--gc-sections -static --specs=nano.specs -mfpu=fpv4-sp-d16 -mfloat-abi=hard -mthumb -Wl,--start-group -lc -lm -Wl,--end-group
Finished building target: FW Wi-Fi Shield Rev1.elf
 
arm-none-eabi-size   FW\ Wi-Fi\ Shield\ Rev1.elf 
arm-none-eabi-objdump -h -S  FW\ Wi-Fi\ Shield\ Rev1.elf  > "FW Wi-Fi Shield Rev1.list"
   text	   data	    bss	    dec	    hex	filename
  27364	    104	   2936	  30404	   76c4	FW Wi-Fi Shield Rev1.elf
Finished building: default.size.stdout
 
Finished building: FW Wi-Fi Shield Rev1.list
 
